<html>
<body>
<pre>
<h1>µVision Build Log</h1>
<h2>Tool Versions:</h2>
IDE-Version: µVision V5.24.2.0
Copyright (C) 2017 ARM Ltd and ARM Germany GmbH. All rights reserved.
License Information: Quang Hai Nguyen, Arrow Central Europe GmbH, LIC=HF8SD-S5C27-MWT7P-KTKRZ-5HIEK-FI8B0
 
Tool Versions:
Toolchain:       MDK-ARM Professional  Version: 5.24.1
Toolchain Path:  C:\DevTools\Keil_v5\ARM\ARMCC\Bin
C Compiler:      Armcc.exe V5.06 update 5 (build 528)
Assembler:       Armasm.exe V5.06 update 5 (build 528)
Linker/Locator:  ArmLink.exe V5.06 update 5 (build 528)
Library Manager: ArmAr.exe V5.06 update 5 (build 528)
Hex Converter:   FromElf.exe V5.06 update 5 (build 528)
CPU DLL:         SARMCM3.DLL V5.24.1
Dialog DLL:      DCM.DLL V1.16.0.0
Target DLL:      STLink\ST-LINKIII-KEIL_SWO.dll V3.0.1.0
Dialog DLL:      TCM.DLL V1.32.0.0
 
<h2>Project:</h2>
C:\Users\A79031\Documents\GitHub\Oscilloscope_STM32F746\Project\Oscilloscope\Firmware\MDK-ARM\Firmware.uvprojx
Project File Date:  09/27/2017

<h2>Output:</h2>
*** Using Compiler 'V5.06 update 5 (build 528)', folder: 'C:\DevTools\Keil_v5\ARM\ARMCC\Bin'
*** Warning: Using Microlib and C++ file(s) might cause the linker to fail !
  
Build target 'Firmware'
compiling Marker.cpp...
..\..\Graphic\gui\include\gui/common/Marker.hpp(80): warning:  #1-D: last line of file ends without a newline
  #endif
..\..\Graphic\gui\src\common\Marker.cpp: 1 warning, 0 errors
compiling TriggerLine.cpp...
..\..\Graphic\gui\include\gui/common/TriggerLine.hpp(88): warning:  #1-D: last line of file ends without a newline
  #endif
..\..\Graphic\gui\src\common\TriggerLine.cpp: 1 warning, 0 errors
compiling CustomListElement.cpp...
compiling system_stm32f7xx.c...
compiling ApplicationFontProvider.cpp...
compiling Font_Asap_Regular_12_4bpp.cpp...
compiling Font_Asap_Regular_13_4bpp.cpp...
compiling FrontendApplication.cpp...
..\..\Graphic\gui\include\gui\common\Marker.hpp(80): warning:  #1-D: last line of file ends without a newline
  #endif
..\..\Graphic\gui\include\gui\common\ChannelControlPanel.hpp(280): warning:  #1-D: last line of file ends without a newline
  #endif
..\..\Graphic\gui\include\gui\common\TriggerLine.hpp(88): warning:  #1-D: last line of file ends without a newline
  #endif
..\..\Graphic\gui\src\common\FrontendApplication.cpp: 3 warnings, 0 errors
compiling Font_Asap_Regular_14_8bpp.cpp...
compiling Graph.cpp...
compiling Model.cpp...
compiling Font_Asap_Regular_18_4bpp.cpp...
compiling ChannelControlPanel.cpp...
..\..\Graphic\gui\include\gui\common\ChannelControlPanel.hpp(280): warning:  #1-D: last line of file ends without a newline
  #endif
..\..\Graphic\gui\src\common\ChannelControlPanel.cpp(797): warning:  #1-D: last line of file ends without a newline
  }
..\..\Graphic\gui\src\common\ChannelControlPanel.cpp: 2 warnings, 0 errors
compiling Kerning_Asap_Regular_12_4bpp.cpp...
compiling FontGetters.cpp...
compiling Kerning_Asap_Regular_13_4bpp.cpp...
compiling MainPresenter.cpp...
..\..\Graphic\gui\include\gui\common\Marker.hpp(80): warning:  #1-D: last line of file ends without a newline
  #endif
..\..\Graphic\gui\include\gui\common\ChannelControlPanel.hpp(280): warning:  #1-D: last line of file ends without a newline
  #endif
..\..\Graphic\gui\include\gui\common\TriggerLine.hpp(88): warning:  #1-D: last line of file ends without a newline
  #endif
..\..\Graphic\gui\src\main_screen\MainPresenter.cpp: 3 warnings, 0 errors
compiling Kerning_Asap_Regular_14_8bpp.cpp...
compiling Kerning_Asap_Regular_18_4bpp.cpp...
compiling Table_Asap_Regular_12_4bpp.cpp...
compiling Table_Asap_Regular_13_4bpp.cpp...
compiling MainView.cpp...
..\..\Graphic\gui\include\gui\common\Marker.hpp(80): warning:  #1-D: last line of file ends without a newline
  #endif
..\..\Graphic\gui\include\gui\common\ChannelControlPanel.hpp(280): warning:  #1-D: last line of file ends without a newline
  #endif
..\..\Graphic\gui\include\gui\common\TriggerLine.hpp(88): warning:  #1-D: last line of file ends without a newline
  #endif
..\..\Graphic\gui\src\main_screen\MainView.cpp(665): warning:  #1-D: last line of file ends without a newline
  }
..\..\Graphic\gui\src\main_screen\MainView.cpp(664): warning:  #177-D: variable "temp"  was declared but never referenced
  	uint8_t temp = 0;
..\..\Graphic\gui\src\main_screen\MainView.cpp: 5 warnings, 0 errors
compiling Table_Asap_Regular_18_4bpp.cpp...
compiling Table_Asap_Regular_14_8bpp.cpp...
compiling bg.cpp...
"no source": Error:  #5: cannot open source input file "..\..\Graphic\generated\images\src\bg.cpp": No such file or directory
..\..\Graphic\generated\images\src\bg.cpp: 0 warnings, 1 error
compiling ch1DownOnn.cpp...
compiling ch1DownOff.cpp...
compiling BitmapDatabase.cpp...
compiling ch1UpOFF.cpp...
compiling ch1UpOnn.cpp...
compiling ch2DownOff.cpp...
compiling ch2UpOff.cpp...
compiling ch2UpOnn.cpp...
compiling appBackground.cpp...
compiling channel1.cpp...
compiling ch2DownOnn.cpp...
compiling Chn1ControlButtonOff.cpp...
compiling channelInfo.cpp...
compiling Chn1ControlButtonOn.cpp...
compiling Chn2ControlButtonOn.cpp...
compiling Chn2ControlButtonOff.cpp...
compiling down_press_1.cpp...
compiling counterbox.cpp...
compiling down_press_2.cpp...
compiling controlPanel.cpp...
compiling down_unpress_1.cpp...
compiling knobButton.cpp...
compiling down_unpress_2.cpp...
compiling left_press_2.cpp...
compiling left_press_1.cpp...
compiling left_unpress_1.cpp...
compiling left_unpress_2.cpp...
compiling leftButtonUnpress.cpp...
compiling leftButtonPress.cpp...
compiling right_press_1.cpp...
compiling right_unpress_1.cpp...
compiling right_unpress_2.cpp...
compiling right_press_2.cpp...
compiling ozibackground.cpp...
compiling sideslidebutton.cpp...
compiling rightButtonPress.cpp...
compiling rightButtonUnpress.cpp...
compiling slideMenu.cpp...
compiling text_background.cpp...
compiling up_press_1.cpp...
compiling up_press_2.cpp...
compiling up_unpress_1.cpp...
compiling up_unpress_2.cpp...
compiling Texts.cpp...
compiling LanguageGb.cpp...
compiling TypedTextDatabase.cpp...
compiling Arrow.cpp...
compiling Heroes.cpp...
compiling OSWrappers.cpp...
compiling STM32F7HAL.cpp...
compiling STM32F7Instrumentation.cpp...
compiling croutine.c...
compiling list.c...
compiling event_groups.c...
compiling queue.c...
compiling timers.c...
compiling GPIO.cpp...
compiling BoardConfiguration.cpp...
..\..\Graphic\gui\include\gui\common\Marker.hpp(80): warning:  #1-D: last line of file ends without a newline
  #endif
..\..\Graphic\gui\include\gui\common\ChannelControlPanel.hpp(280): warning:  #1-D: last line of file ends without a newline
  #endif
..\..\Graphic\gui\include\gui\common\TriggerLine.hpp(88): warning:  #1-D: last line of file ends without a newline
  #endif
..\..\..\..\touchgfx\board\ST\STM32F746G-DISCO\source\BoardConfiguration.cpp: 3 warnings, 0 errors
compiling STM32F7DMA.cpp...
compiling tasks.c...
compiling heap_2.c...
compiling STM32F746GTouchController.cpp...
compiling port.c...
..\..\..\..\touchgfx\os\FreeRTOS8.2.0\Source\portable\RVDS\ST_CM7\port.c(386): warning:  #1215-D: #warning directive: Must read VFP type.
  #warning Must read VFP type.
..\..\..\..\touchgfx\os\FreeRTOS8.2.0\Source\portable\RVDS\ST_CM7\port.c: 1 warning, 0 errors
compiling ft5336.c...
compiling stm32746g_discovery_sd.c...
compiling stm32746g_discovery.c...
compiling stm32f7xx_hal_msp.c...
compiling stm32746g_discovery_sdram.c...
compiling stm32746g_discovery_ts.c...
compiling stm32746g_discovery_lcd.c...
..\..\..\..\touchgfx\board\ST\STM32F746G-DISCO\source\vendor\STM32746G-Discovery\stm32746g_discovery_lcd.c(912): warning:  #550-D: variable "k"  was set but never used
    float k = 0, rad1 = 0, rad2 = 0;
..\..\..\..\touchgfx\board\ST\STM32F746G-DISCO\source\vendor\STM32746G-Discovery\stm32746g_discovery_lcd.c: 1 warning, 0 errors
compiling stm32746g_discovery_qspi.c...
compiling stm32f7xx_it.c...
compiling main.cpp...
main.cpp(802): warning:  #1-D: last line of file ends without a newline
  #endif
main.cpp(422): warning:  #177-D: function "MX_USART2_UART_Init"  was declared but never referenced
  static void MX_USART2_UART_Init(void)
main.cpp: 2 warnings, 0 errors
compiling stm32f7xx_hal_pwr.c...
compiling stm32f7xx_hal_rcc_ex.c...
compiling stm32f7xx_hal_cortex.c...
compiling stm32f7xx_hal_rcc.c...
compiling stm32f7xx_hal_i2c.c...
compiling stm32f7xx_hal_dma.c...
compiling stm32f7xx_hal_flash_ex.c...
compiling stm32f7xx_hal_flash.c...
compiling stm32f7xx_hal.c...
compiling stm32f7xx_hal_i2c_ex.c...
compiling stm32f7xx_hal_pwr_ex.c...
compiling stm32f7xx_hal_tim.c...
compiling stm32f7xx_hal_tim_ex.c...
compiling stm32f7xx_hal_dma_ex.c...
compiling stm32f7xx_hal_gpio.c...
compiling stm32f7xx_hal_dma2d.c...
compiling stm32f7xx_hal_ltdc.c...
compiling stm32f7xx_hal_adc.c...
compiling stm32f7xx_hal_sdram.c...
compiling stm32f7xx_hal_qspi.c...
assembling startup_stm32f746xx.s...
compiling stm32f7xx_hal_spi.c...
compiling stm32f7xx_ll_sdmmc.c...
compiling stm32f7xx_ll_fmc.c...
compiling stm32f7xx_hal_uart.c...
compiling stm32f7xx_hal_adc_ex.c...
compiling stm32f7xx_hal_sd.c...
linking...
Program Size: Code=79970 RO-data=1119890 RW-data=480 ZI-data=49392  
FromELF: creating hex file...
"Firmware\Firmware.axf" - 0 Error(s), 22 Warning(s).

<h2>Software Packages used:</h2>

Package Vendor: ARM
                http://www.keil.com/pack/ARM.CMSIS.5.3.0.pack
                ARM.CMSIS.5.3.0
                CMSIS (Cortex Microcontroller Software Interface Standard)
   * Component: CORE Version: 5.1.1

Package Vendor: Keil
                http://www.keil.com/pack/Keil.STM32F7xx_DFP.2.9.0.pack
                Keil.STM32F7xx_DFP.2.9.0
                STMicroelectronics STM32F7 Series Device Support, Drivers and Examples

<h2>Collection of Component include folders:</h2>
  .\RTE\_Firmware
  C:\DevTools\Keil_v5\ARM\PACK\ARM\CMSIS\5.3.0\CMSIS\Include
  C:\DevTools\Keil_v5\ARM\PACK\Keil\STM32F7xx_DFP\2.9.0\Drivers\CMSIS\Device\ST\STM32F7xx\Include

<h2>Collection of Component Files used:</h2>

   * Component: ARM::CMSIS:CORE:5.1.1
Build Time Elapsed:  00:00:42
</pre>
</body>
</html>
