<!doctype html public "-//w3c//dtd html 4.0 transitional//en">
<html><head>
<title>Static Call Graph - [Firmware\Firmware.axf]</title></head>
<body><HR>
<H1>Static Call Graph for image Firmware\Firmware.axf</H1><HR>
<BR><P>#&#060CALLGRAPH&#062# ARM Linker, 5060528: Last Updated: Fri Aug 03 13:26:20 2018
<BR><P>
<H3>Maximum Stack Usage =        652 bytes + Unknown(Cycles, Untraceable Function Pointers)</H3><H3>
Call chain for Maximum Stack Depth:</H3>
touchgfx::Line::drawCanvasWidget(const touchgfx::Rect&) const &rArr; touchgfx::Canvas::render() &rArr; bool touchgfx::Rasterizer::render&lang;touchgfx::Renderer&rang;(T1&) &rArr; touchgfx::Outline::getCells() &rArr; touchgfx::Outline::sortCells() &rArr; touchgfx::Outline::qsortCells(touchgfx::Cell*, unsigned)
<P>
<H3>
Mutually Recursive functions
</H3> <LI><a href="#[396]">vApplicationStackOverflowHook</a>&nbsp;&nbsp;&nbsp;&rArr;&nbsp;&nbsp;&nbsp;<a href="#[396]">vApplicationStackOverflowHook</a><BR>
 <LI><a href="#[18]">NMI_Handler</a>&nbsp;&nbsp;&nbsp;&rArr;&nbsp;&nbsp;&nbsp;<a href="#[18]">NMI_Handler</a><BR>
 <LI><a href="#[19]">HardFault_Handler</a>&nbsp;&nbsp;&nbsp;&rArr;&nbsp;&nbsp;&nbsp;<a href="#[19]">HardFault_Handler</a><BR>
 <LI><a href="#[1a]">MemManage_Handler</a>&nbsp;&nbsp;&nbsp;&rArr;&nbsp;&nbsp;&nbsp;<a href="#[1a]">MemManage_Handler</a><BR>
 <LI><a href="#[1b]">BusFault_Handler</a>&nbsp;&nbsp;&nbsp;&rArr;&nbsp;&nbsp;&nbsp;<a href="#[1b]">BusFault_Handler</a><BR>
 <LI><a href="#[1c]">UsageFault_Handler</a>&nbsp;&nbsp;&nbsp;&rArr;&nbsp;&nbsp;&nbsp;<a href="#[1c]">UsageFault_Handler</a><BR>
 <LI><a href="#[1e]">DebugMon_Handler</a>&nbsp;&nbsp;&nbsp;&rArr;&nbsp;&nbsp;&nbsp;<a href="#[1e]">DebugMon_Handler</a><BR>
 <LI><a href="#[33]">ADC_IRQHandler</a>&nbsp;&nbsp;&nbsp;&rArr;&nbsp;&nbsp;&nbsp;<a href="#[33]">ADC_IRQHandler</a><BR>
 <LI><a href="#[33c]">touchgfx::Screen::JSMOC(const touchgfx::Rect&, touchgfx::Drawable*)</a>&nbsp;&nbsp;&nbsp;&rArr;&nbsp;&nbsp;&nbsp;<a href="#[33c]">touchgfx::Screen::JSMOC(const touchgfx::Rect&, touchgfx::Drawable*)</a><BR>
 <LI><a href="#[343]">touchgfx::CWRUtil::arcsine(touchgfx::CWRUtil::Q10)</a>&nbsp;&nbsp;&nbsp;&rArr;&nbsp;&nbsp;&nbsp;<a href="#[343]">touchgfx::CWRUtil::arcsine(touchgfx::CWRUtil::Q10)</a><BR>
 <LI><a href="#[341]">touchgfx::CWRUtil::_angle(touchgfx::CWRUtil::Q5, touchgfx::CWRUtil::Q5, touchgfx::CWRUtil::Q5&)</a>&nbsp;&nbsp;&nbsp;&rArr;&nbsp;&nbsp;&nbsp;<a href="#[341]">touchgfx::CWRUtil::_angle(touchgfx::CWRUtil::Q5, touchgfx::CWRUtil::Q5, touchgfx::CWRUtil::Q5&)</a><BR>
 <LI><a href="#[395]">vApplicationMallocFailedHook</a>&nbsp;&nbsp;&nbsp;&rArr;&nbsp;&nbsp;&nbsp;<a href="#[395]">vApplicationMallocFailedHook</a><BR>
</UL>
<P>
<H3>
Function Pointers
</H3><UL>
 <LI><a href="#[85]">ADC_DMAConvCplt</a> from stm32f7xx_hal_adc.o(i.ADC_DMAConvCplt) referenced from stm32f7xx_hal_adc.o(i.HAL_ADC_Start_DMA)
 <LI><a href="#[87]">ADC_DMAError</a> from stm32f7xx_hal_adc.o(i.ADC_DMAError) referenced from stm32f7xx_hal_adc.o(i.HAL_ADC_Start_DMA)
 <LI><a href="#[86]">ADC_DMAHalfConvCplt</a> from stm32f7xx_hal_adc.o(i.ADC_DMAHalfConvCplt) referenced from stm32f7xx_hal_adc.o(i.HAL_ADC_Start_DMA)
 <LI><a href="#[33]">ADC_IRQHandler</a> from startup_stm32f746xx.o(.text) referenced from startup_stm32f746xx.o(RESET)
 <LI><a href="#[1b]">BusFault_Handler</a> from startup_stm32f746xx.o(.text) referenced from startup_stm32f746xx.o(RESET)
 <LI><a href="#[35]">CAN1_RX0_IRQHandler</a> from startup_stm32f746xx.o(.text) referenced from startup_stm32f746xx.o(RESET)
 <LI><a href="#[36]">CAN1_RX1_IRQHandler</a> from startup_stm32f746xx.o(.text) referenced from startup_stm32f746xx.o(RESET)
 <LI><a href="#[37]">CAN1_SCE_IRQHandler</a> from startup_stm32f746xx.o(.text) referenced from startup_stm32f746xx.o(RESET)
 <LI><a href="#[34]">CAN1_TX_IRQHandler</a> from startup_stm32f746xx.o(.text) referenced from startup_stm32f746xx.o(RESET)
 <LI><a href="#[61]">CAN2_RX0_IRQHandler</a> from startup_stm32f746xx.o(.text) referenced from startup_stm32f746xx.o(RESET)
 <LI><a href="#[62]">CAN2_RX1_IRQHandler</a> from startup_stm32f746xx.o(.text) referenced from startup_stm32f746xx.o(RESET)
 <LI><a href="#[63]">CAN2_SCE_IRQHandler</a> from startup_stm32f746xx.o(.text) referenced from startup_stm32f746xx.o(RESET)
 <LI><a href="#[60]">CAN2_TX_IRQHandler</a> from startup_stm32f746xx.o(.text) referenced from startup_stm32f746xx.o(RESET)
 <LI><a href="#[7e]">CEC_IRQHandler</a> from startup_stm32f746xx.o(.text) referenced from startup_stm32f746xx.o(RESET)
 <LI><a href="#[6f]">DCMI_IRQHandler</a> from startup_stm32f746xx.o(.text) referenced from startup_stm32f746xx.o(RESET)
 <LI><a href="#[2c]">DMA1_Stream0_IRQHandler</a> from startup_stm32f746xx.o(.text) referenced from startup_stm32f746xx.o(RESET)
 <LI><a href="#[2d]">DMA1_Stream1_IRQHandler</a> from startup_stm32f746xx.o(.text) referenced from startup_stm32f746xx.o(RESET)
 <LI><a href="#[2e]">DMA1_Stream2_IRQHandler</a> from startup_stm32f746xx.o(.text) referenced from startup_stm32f746xx.o(RESET)
 <LI><a href="#[2f]">DMA1_Stream3_IRQHandler</a> from startup_stm32f746xx.o(.text) referenced from startup_stm32f746xx.o(RESET)
 <LI><a href="#[30]">DMA1_Stream4_IRQHandler</a> from startup_stm32f746xx.o(.text) referenced from startup_stm32f746xx.o(RESET)
 <LI><a href="#[31]">DMA1_Stream5_IRQHandler</a> from startup_stm32f746xx.o(.text) referenced from startup_stm32f746xx.o(RESET)
 <LI><a href="#[32]">DMA1_Stream6_IRQHandler</a> from startup_stm32f746xx.o(.text) referenced from startup_stm32f746xx.o(RESET)
 <LI><a href="#[50]">DMA1_Stream7_IRQHandler</a> from startup_stm32f746xx.o(.text) referenced from startup_stm32f746xx.o(RESET)
 <LI><a href="#[7a]">DMA2D_IRQHandler</a> from stm32f7hal.o(i.DMA2D_IRQHandler) referenced from startup_stm32f746xx.o(RESET)
 <LI><a href="#[59]">DMA2_Stream0_IRQHandler</a> from stm32f7xx_it.o(i.DMA2_Stream0_IRQHandler) referenced from startup_stm32f746xx.o(RESET)
 <LI><a href="#[5a]">DMA2_Stream1_IRQHandler</a> from startup_stm32f746xx.o(.text) referenced from startup_stm32f746xx.o(RESET)
 <LI><a href="#[5b]">DMA2_Stream2_IRQHandler</a> from startup_stm32f746xx.o(.text) referenced from startup_stm32f746xx.o(RESET)
 <LI><a href="#[5c]">DMA2_Stream3_IRQHandler</a> from startup_stm32f746xx.o(.text) referenced from startup_stm32f746xx.o(RESET)
 <LI><a href="#[5d]">DMA2_Stream4_IRQHandler</a> from stm32f7xx_it.o(i.DMA2_Stream4_IRQHandler) referenced from startup_stm32f746xx.o(RESET)
 <LI><a href="#[65]">DMA2_Stream5_IRQHandler</a> from startup_stm32f746xx.o(.text) referenced from startup_stm32f746xx.o(RESET)
 <LI><a href="#[66]">DMA2_Stream6_IRQHandler</a> from startup_stm32f746xx.o(.text) referenced from startup_stm32f746xx.o(RESET)
 <LI><a href="#[67]">DMA2_Stream7_IRQHandler</a> from startup_stm32f746xx.o(.text) referenced from startup_stm32f746xx.o(RESET)
 <LI><a href="#[1e]">DebugMon_Handler</a> from startup_stm32f746xx.o(.text) referenced from startup_stm32f746xx.o(RESET)
 <LI><a href="#[5e]">ETH_IRQHandler</a> from startup_stm32f746xx.o(.text) referenced from startup_stm32f746xx.o(RESET)
 <LI><a href="#[5f]">ETH_WKUP_IRQHandler</a> from startup_stm32f746xx.o(.text) referenced from startup_stm32f746xx.o(RESET)
 <LI><a href="#[27]">EXTI0_IRQHandler</a> from startup_stm32f746xx.o(.text) referenced from startup_stm32f746xx.o(RESET)
 <LI><a href="#[49]">EXTI15_10_IRQHandler</a> from stm32f7xx_it.o(i.EXTI15_10_IRQHandler) referenced from startup_stm32f746xx.o(RESET)
 <LI><a href="#[28]">EXTI1_IRQHandler</a> from startup_stm32f746xx.o(.text) referenced from startup_stm32f746xx.o(RESET)
 <LI><a href="#[29]">EXTI2_IRQHandler</a> from startup_stm32f746xx.o(.text) referenced from startup_stm32f746xx.o(RESET)
 <LI><a href="#[2a]">EXTI3_IRQHandler</a> from startup_stm32f746xx.o(.text) referenced from startup_stm32f746xx.o(RESET)
 <LI><a href="#[2b]">EXTI4_IRQHandler</a> from startup_stm32f746xx.o(.text) referenced from startup_stm32f746xx.o(RESET)
 <LI><a href="#[38]">EXTI9_5_IRQHandler</a> from startup_stm32f746xx.o(.text) referenced from startup_stm32f746xx.o(RESET)
 <LI><a href="#[25]">FLASH_IRQHandler</a> from startup_stm32f746xx.o(.text) referenced from startup_stm32f746xx.o(RESET)
 <LI><a href="#[51]">FMC_IRQHandler</a> from startup_stm32f746xx.o(.text) referenced from startup_stm32f746xx.o(RESET)
 <LI><a href="#[71]">FPU_IRQHandler</a> from startup_stm32f746xx.o(.text) referenced from startup_stm32f746xx.o(RESET)
 <LI><a href="#[19]">HardFault_Handler</a> from startup_stm32f746xx.o(.text) referenced from startup_stm32f746xx.o(RESET)
 <LI><a href="#[41]">I2C1_ER_IRQHandler</a> from startup_stm32f746xx.o(.text) referenced from startup_stm32f746xx.o(RESET)
 <LI><a href="#[40]">I2C1_EV_IRQHandler</a> from startup_stm32f746xx.o(.text) referenced from startup_stm32f746xx.o(RESET)
 <LI><a href="#[43]">I2C2_ER_IRQHandler</a> from startup_stm32f746xx.o(.text) referenced from startup_stm32f746xx.o(RESET)
 <LI><a href="#[42]">I2C2_EV_IRQHandler</a> from startup_stm32f746xx.o(.text) referenced from startup_stm32f746xx.o(RESET)
 <LI><a href="#[6a]">I2C3_ER_IRQHandler</a> from startup_stm32f746xx.o(.text) referenced from startup_stm32f746xx.o(RESET)
 <LI><a href="#[69]">I2C3_EV_IRQHandler</a> from startup_stm32f746xx.o(.text) referenced from startup_stm32f746xx.o(RESET)
 <LI><a href="#[80]">I2C4_ER_IRQHandler</a> from startup_stm32f746xx.o(.text) referenced from startup_stm32f746xx.o(RESET)
 <LI><a href="#[7f]">I2C4_EV_IRQHandler</a> from startup_stm32f746xx.o(.text) referenced from startup_stm32f746xx.o(RESET)
 <LI><a href="#[7d]">LPTIM1_IRQHandler</a> from startup_stm32f746xx.o(.text) referenced from startup_stm32f746xx.o(RESET)
 <LI><a href="#[79]">LTDC_ER_IRQHandler</a> from startup_stm32f746xx.o(.text) referenced from startup_stm32f746xx.o(RESET)
 <LI><a href="#[78]">LTDC_IRQHandler</a> from stm32f7hal.o(i.LTDC_IRQHandler) referenced from startup_stm32f746xx.o(RESET)
 <LI><a href="#[1a]">MemManage_Handler</a> from startup_stm32f746xx.o(.text) referenced from startup_stm32f746xx.o(RESET)
 <LI><a href="#[18]">NMI_Handler</a> from startup_stm32f746xx.o(.text) referenced from startup_stm32f746xx.o(RESET)
 <LI><a href="#[64]">OTG_FS_IRQHandler</a> from startup_stm32f746xx.o(.text) referenced from startup_stm32f746xx.o(RESET)
 <LI><a href="#[4b]">OTG_FS_WKUP_IRQHandler</a> from startup_stm32f746xx.o(.text) referenced from startup_stm32f746xx.o(RESET)
 <LI><a href="#[6c]">OTG_HS_EP1_IN_IRQHandler</a> from startup_stm32f746xx.o(.text) referenced from startup_stm32f746xx.o(RESET)
 <LI><a href="#[6b]">OTG_HS_EP1_OUT_IRQHandler</a> from startup_stm32f746xx.o(.text) referenced from startup_stm32f746xx.o(RESET)
 <LI><a href="#[6e]">OTG_HS_IRQHandler</a> from startup_stm32f746xx.o(.text) referenced from startup_stm32f746xx.o(RESET)
 <LI><a href="#[6d]">OTG_HS_WKUP_IRQHandler</a> from startup_stm32f746xx.o(.text) referenced from startup_stm32f746xx.o(RESET)
 <LI><a href="#[22]">PVD_IRQHandler</a> from startup_stm32f746xx.o(.text) referenced from startup_stm32f746xx.o(RESET)
 <LI><a href="#[1f]">PendSV_Handler</a> from port.o(.emb_text) referenced from startup_stm32f746xx.o(RESET)
 <LI><a href="#[7c]">QUADSPI_IRQHandler</a> from startup_stm32f746xx.o(.text) referenced from startup_stm32f746xx.o(RESET)
 <LI><a href="#[26]">RCC_IRQHandler</a> from startup_stm32f746xx.o(.text) referenced from startup_stm32f746xx.o(RESET)
 <LI><a href="#[70]">RNG_IRQHandler</a> from startup_stm32f746xx.o(.text) referenced from startup_stm32f746xx.o(RESET)
 <LI><a href="#[4a]">RTC_Alarm_IRQHandler</a> from startup_stm32f746xx.o(.text) referenced from startup_stm32f746xx.o(RESET)
 <LI><a href="#[24]">RTC_WKUP_IRQHandler</a> from startup_stm32f746xx.o(.text) referenced from startup_stm32f746xx.o(RESET)
 <LI><a href="#[17]">Reset_Handler</a> from startup_stm32f746xx.o(.text) referenced from startup_stm32f746xx.o(RESET)
 <LI><a href="#[77]">SAI1_IRQHandler</a> from startup_stm32f746xx.o(.text) referenced from startup_stm32f746xx.o(RESET)
 <LI><a href="#[7b]">SAI2_IRQHandler</a> from startup_stm32f746xx.o(.text) referenced from startup_stm32f746xx.o(RESET)
 <LI><a href="#[52]">SDMMC1_IRQHandler</a> from startup_stm32f746xx.o(.text) referenced from startup_stm32f746xx.o(RESET)
 <LI><a href="#[81]">SPDIF_RX_IRQHandler</a> from startup_stm32f746xx.o(.text) referenced from startup_stm32f746xx.o(RESET)
 <LI><a href="#[44]">SPI1_IRQHandler</a> from startup_stm32f746xx.o(.text) referenced from startup_stm32f746xx.o(RESET)
 <LI><a href="#[45]">SPI2_IRQHandler</a> from startup_stm32f746xx.o(.text) referenced from startup_stm32f746xx.o(RESET)
 <LI><a href="#[54]">SPI3_IRQHandler</a> from startup_stm32f746xx.o(.text) referenced from startup_stm32f746xx.o(RESET)
 <LI><a href="#[74]">SPI4_IRQHandler</a> from startup_stm32f746xx.o(.text) referenced from startup_stm32f746xx.o(RESET)
 <LI><a href="#[75]">SPI5_IRQHandler</a> from startup_stm32f746xx.o(.text) referenced from startup_stm32f746xx.o(RESET)
 <LI><a href="#[76]">SPI6_IRQHandler</a> from startup_stm32f746xx.o(.text) referenced from startup_stm32f746xx.o(RESET)
 <LI><a href="#[1d]">SVC_Handler</a> from port.o(.emb_text) referenced from startup_stm32f746xx.o(RESET)
 <LI><a href="#[20]">SysTick_Handler</a> from boardconfiguration.o(i.SysTick_Handler) referenced from startup_stm32f746xx.o(RESET)
 <LI><a href="#[83]">SystemInit</a> from system_stm32f7xx.o(i.SystemInit) referenced from startup_stm32f746xx.o(.text)
 <LI><a href="#[23]">TAMP_STAMP_IRQHandler</a> from startup_stm32f746xx.o(.text) referenced from startup_stm32f746xx.o(RESET)
 <LI><a href="#[39]">TIM1_BRK_TIM9_IRQHandler</a> from startup_stm32f746xx.o(.text) referenced from startup_stm32f746xx.o(RESET)
 <LI><a href="#[3c]">TIM1_CC_IRQHandler</a> from startup_stm32f746xx.o(.text) referenced from startup_stm32f746xx.o(RESET)
 <LI><a href="#[3b]">TIM1_TRG_COM_TIM11_IRQHandler</a> from startup_stm32f746xx.o(.text) referenced from startup_stm32f746xx.o(RESET)
 <LI><a href="#[3a]">TIM1_UP_TIM10_IRQHandler</a> from startup_stm32f746xx.o(.text) referenced from startup_stm32f746xx.o(RESET)
 <LI><a href="#[3d]">TIM2_IRQHandler</a> from startup_stm32f746xx.o(.text) referenced from startup_stm32f746xx.o(RESET)
 <LI><a href="#[3e]">TIM3_IRQHandler</a> from startup_stm32f746xx.o(.text) referenced from startup_stm32f746xx.o(RESET)
 <LI><a href="#[3f]">TIM4_IRQHandler</a> from startup_stm32f746xx.o(.text) referenced from startup_stm32f746xx.o(RESET)
 <LI><a href="#[53]">TIM5_IRQHandler</a> from startup_stm32f746xx.o(.text) referenced from startup_stm32f746xx.o(RESET)
 <LI><a href="#[57]">TIM6_DAC_IRQHandler</a> from startup_stm32f746xx.o(.text) referenced from startup_stm32f746xx.o(RESET)
 <LI><a href="#[58]">TIM7_IRQHandler</a> from startup_stm32f746xx.o(.text) referenced from startup_stm32f746xx.o(RESET)
 <LI><a href="#[4c]">TIM8_BRK_TIM12_IRQHandler</a> from startup_stm32f746xx.o(.text) referenced from startup_stm32f746xx.o(RESET)
 <LI><a href="#[4f]">TIM8_CC_IRQHandler</a> from startup_stm32f746xx.o(.text) referenced from startup_stm32f746xx.o(RESET)
 <LI><a href="#[4e]">TIM8_TRG_COM_TIM14_IRQHandler</a> from startup_stm32f746xx.o(.text) referenced from startup_stm32f746xx.o(RESET)
 <LI><a href="#[4d]">TIM8_UP_TIM13_IRQHandler</a> from startup_stm32f746xx.o(.text) referenced from startup_stm32f746xx.o(RESET)
 <LI><a href="#[55]">UART4_IRQHandler</a> from startup_stm32f746xx.o(.text) referenced from startup_stm32f746xx.o(RESET)
 <LI><a href="#[56]">UART5_IRQHandler</a> from startup_stm32f746xx.o(.text) referenced from startup_stm32f746xx.o(RESET)
 <LI><a href="#[72]">UART7_IRQHandler</a> from startup_stm32f746xx.o(.text) referenced from startup_stm32f746xx.o(RESET)
 <LI><a href="#[73]">UART8_IRQHandler</a> from startup_stm32f746xx.o(.text) referenced from startup_stm32f746xx.o(RESET)
 <LI><a href="#[46]">USART1_IRQHandler</a> from startup_stm32f746xx.o(.text) referenced from startup_stm32f746xx.o(RESET)
 <LI><a href="#[47]">USART2_IRQHandler</a> from startup_stm32f746xx.o(.text) referenced from startup_stm32f746xx.o(RESET)
 <LI><a href="#[48]">USART3_IRQHandler</a> from startup_stm32f746xx.o(.text) referenced from startup_stm32f746xx.o(RESET)
 <LI><a href="#[68]">USART6_IRQHandler</a> from startup_stm32f746xx.o(.text) referenced from startup_stm32f746xx.o(RESET)
 <LI><a href="#[1c]">UsageFault_Handler</a> from startup_stm32f746xx.o(.text) referenced from startup_stm32f746xx.o(RESET)
 <LI><a href="#[21]">WWDG_IRQHandler</a> from startup_stm32f746xx.o(.text) referenced from startup_stm32f746xx.o(RESET)
 <LI><a href="#[99]">ADCTask(void*)</a> from main.o(i._Z7ADCTaskPv) referenced from main.o(i.main)
 <LI><a href="#[98]">GUITask(void*)</a> from main.o(i._Z7GUITaskPv) referenced from main.o(i.main)
 <LI><a href="#[a8]">STM32F7DMA::initialize()</a> from stm32f7dma.o(i._ZN10STM32F7DMA10initializeEv) referenced from stm32f7dma.o(.constdata__ZTV10STM32F7DMA)
 <LI><a href="#[a5]">STM32F7DMA::getBlitCaps()</a> from stm32f7dma.o(i._ZN10STM32F7DMA11getBlitCapsEv) referenced from stm32f7dma.o(.constdata__ZTV10STM32F7DMA)
 <LI><a href="#[ae]">STM32F7DMA::setupDataCopy(const touchgfx::BlitOp&)</a> from stm32f7dma.o(i._ZN10STM32F7DMA13setupDataCopyERKN8touchgfx6BlitOpE) referenced from stm32f7dma.o(.constdata__ZTV10STM32F7DMA)
 <LI><a href="#[af]">STM32F7DMA::setupDataFill(const touchgfx::BlitOp&)</a> from stm32f7dma.o(i._ZN10STM32F7DMA13setupDataFillERKN8touchgfx6BlitOpE) referenced from stm32f7dma.o(.constdata__ZTV10STM32F7DMA)
 <LI><a href="#[b3]">STM32F7DMA::setupFillWithAlpha(const touchgfx::BlitOp&)</a> from stm32f7dma.o(i._ZN10STM32F7DMA18setupFillWithAlphaERKN8touchgfx6BlitOpE) referenced from stm32f7dma.o(.constdata__ZTV10STM32F7DMA)
 <LI><a href="#[aa]">STM32F7DMA::signalDMAInterrupt()</a> from stm32f7dma.o(i._ZN10STM32F7DMA18signalDMAInterruptEv) referenced from stm32f7dma.o(.constdata__ZTV10STM32F7DMA)
 <LI><a href="#[94]">STM32F7DMA::~STM32F7DMA()</a> from stm32f7dma.o(i._ZN10STM32F7DMAD1Ev) referenced from stm32f7dma.o(.constdata__ZTV10STM32F7DMA)
 <LI><a href="#[94]">STM32F7DMA::~STM32F7DMA()</a> from stm32f7dma.o(i._ZN10STM32F7DMAD1Ev) referenced from boardconfiguration.o(i.__sti___22_BoardConfiguration_cpp_dceb80ee)
 <LI><a href="#[c4]">STM32F7HAL::enableInterrupts()</a> from stm32f7hal.o(i._ZN10STM32F7HAL16enableInterruptsEv) referenced from stm32f7hal.o(.constdata__ZTV10STM32F7HAL)
 <LI><a href="#[b5]">STM32F7HAL::flushFrameBuffer(const touchgfx::Rect&)</a> from stm32f7hal.o(i._ZN10STM32F7HAL16flushFrameBufferERKN8touchgfx4RectE) referenced from stm32f7hal.o(.constdata__ZTV10STM32F7HAL)
 <LI><a href="#[c5]">STM32F7HAL::disableInterrupts()</a> from stm32f7hal.o(i._ZN10STM32F7HAL17disableInterruptsEv) referenced from stm32f7hal.o(.constdata__ZTV10STM32F7HAL)
 <LI><a href="#[c9]">STM32F7HAL::getTFTCurrentLine()</a> from stm32f7hal.o(i._ZN10STM32F7HAL17getTFTCurrentLineEv) referenced from stm32f7hal.o(.constdata__ZTV10STM32F7HAL)
 <LI><a href="#[ce]">STM32F7HAL::setTFTFrameBuffer(unsigned short*)</a> from stm32f7hal.o(i._ZN10STM32F7HAL17setTFTFrameBufferEPt) referenced from stm32f7hal.o(.constdata__ZTV10STM32F7HAL)
 <LI><a href="#[c3]">STM32F7HAL::configureInterrupts()</a> from stm32f7hal.o(i._ZN10STM32F7HAL19configureInterruptsEv) referenced from stm32f7hal.o(.constdata__ZTV10STM32F7HAL)
 <LI><a href="#[c6]">STM32F7HAL::enableLCDControllerInterrupt()</a> from stm32f7hal.o(i._ZN10STM32F7HAL28enableLCDControllerInterruptEv) referenced from stm32f7hal.o(.constdata__ZTV10STM32F7HAL)
 <LI><a href="#[9c]">STM32F7HAL::~STM32F7HAL()</a> from boardconfiguration.o(i._ZN10STM32F7HALD1Ev) referenced from stm32f7hal.o(.constdata__ZTV10STM32F7HAL)
 <LI><a href="#[9c]">STM32F7HAL::~STM32F7HAL()</a> from boardconfiguration.o(i._ZN10STM32F7HALD1Ev) referenced from boardconfiguration.o(t._ZN8touchgfx21touchgfx_generic_initI10STM32F7HALEERNS_3HALERNS_13DMA_InterfaceERNS_3LCDERNS_15TouchControllerEssPtjj)
 <LI><a href="#[a4]">TriggerLine::handleMarkerDragEvent(const touchgfx::DragEvent&)</a> from triggerline.o(i._ZN11TriggerLine21handleMarkerDragEventERKN8touchgfx9DragEventE) referenced from triggerline.o(.constdata)
 <LI><a href="#[d2]">TriggerLine::~TriggerLine()</a> from triggerline.o(i._ZN11TriggerLineD1Ev) referenced from triggerline.o(.constdata__ZTV11TriggerLine)
 <LI><a href="#[9d]">FrontendHeap::~FrontendHeap()</a> from boardconfiguration.o(i._ZN12FrontendHeapD1Ev) referenced from boardconfiguration.o(.constdata__ZTV12FrontendHeap)
 <LI><a href="#[9d]">FrontendHeap::~FrontendHeap()</a> from boardconfiguration.o(i._ZN12FrontendHeapD1Ev) referenced from boardconfiguration.o(t._ZN8touchgfx21touchgfx_generic_initI10STM32F7HALEERNS_3HALERNS_13DMA_InterfaceERNS_3LCDERNS_15TouchControllerEssPtjj)
 <LI><a href="#[ea]">MainPresenter::deactivate()</a> from mainpresenter.o(i._ZN13MainPresenter10deactivateEv) referenced from mainpresenter.o(.constdata__ZTV13MainPresenter)
 <LI><a href="#[e9]">MainPresenter::activate()</a> from mainpresenter.o(i._ZN13MainPresenter8activateEv) referenced from mainpresenter.o(.constdata__ZTV13MainPresenter)
 <LI><a href="#[eb]">MainPresenter::~MainPresenter()</a> from mainpresenter.o(i._ZN13MainPresenterD1Ev) referenced from mainpresenter.o(.constdata__ZTV13MainPresenter)
 <LI><a href="#[9f]">ChannelControlPanel::buttonClicked(const touchgfx::AbstractButton&)</a> from channelcontrolpanel.o(i._ZN19ChannelControlPanel13buttonClickedERKN8touchgfx14AbstractButtonE) referenced from channelcontrolpanel.o(.constdata)
 <LI><a href="#[ec]">ChannelControlPanel::~ChannelControlPanel()</a> from channelcontrolpanel.o(i._ZN19ChannelControlPanelD1Ev) referenced from channelcontrolpanel.o(.constdata__ZTV19ChannelControlPanel)
 <LI><a href="#[f1]">FrontendApplication::handleTickEvent()</a> from frontendapplication.o(i._ZN19FrontendApplication15handleTickEventEv) referenced from frontendapplication.o(.constdata__ZTV19FrontendApplication)
 <LI><a href="#[a0]">FrontendApplication::gotoMainScreenImpl()</a> from frontendapplication.o(i._ZN19FrontendApplication18gotoMainScreenImplEv) referenced from frontendapplication.o(.constdata)
 <LI><a href="#[f3]">FrontendApplication::~FrontendApplication()</a> from frontendapplication.o(i._ZN19FrontendApplicationD1Ev) referenced from frontendapplication.o(.constdata__ZTV19FrontendApplication)
 <LI><a href="#[93]">ApplicationFontProvider::~ApplicationFontProvider()</a> from applicationfontprovider.o(i._ZN23ApplicationFontProviderD1Ev) referenced from applicationfontprovider.o(.constdata__ZTV23ApplicationFontProvider)
 <LI><a href="#[93]">ApplicationFontProvider::~ApplicationFontProvider()</a> from applicationfontprovider.o(i._ZN23ApplicationFontProviderD1Ev) referenced from boardconfiguration.o(i.__sti___22_BoardConfiguration_cpp_dceb80ee)
 <LI><a href="#[fa]">Graph::setPosition(short, short, short, short)</a> from graph.o(i._ZN5Graph11setPositionEssss) referenced from graph.o(.constdata__ZTV5Graph)
 <LI><a href="#[fb]">Graph::handleTickEvent()</a> from graph.o(i._ZN5Graph15handleTickEventEv) referenced from graph.o(.constdata__ZTV5Graph)
 <LI><a href="#[a3]">Marker::handleMarkerDragEvent(const touchgfx::DragEvent&)</a> from marker.o(i._ZN6Marker21handleMarkerDragEventERKN8touchgfx9DragEventE) referenced from marker.o(.constdata)
 <LI><a href="#[fd]">Marker::~Marker()</a> from marker.o(i._ZN6MarkerD1Ev) referenced from marker.o(.constdata__ZTV6Marker)
 <LI><a href="#[100]">MainView::setupScreen()</a> from mainview.o(i._ZN8MainView11setupScreenEv) referenced from mainview.o(.constdata__ZTV8MainView)
 <LI><a href="#[a1]">MainView::buttonClicked(const touchgfx::AbstractButton&)</a> from mainview.o(i._ZN8MainView13buttonClickedERKN8touchgfx14AbstractButtonE) referenced from frontendapplication.o(.constdata)
 <LI><a href="#[102]">MainView::tearDownScreen()</a> from mainview.o(i._ZN8MainView14tearDownScreenEv) referenced from mainview.o(.constdata__ZTV8MainView)
 <LI><a href="#[106]">MainView::handleTickEvent()</a> from mainview.o(i._ZN8MainView15handleTickEventEv) referenced from mainview.o(.constdata__ZTV8MainView)
 <LI><a href="#[a2]">MainView::CtrlPanelBtnPressed(unsigned char)</a> from mainview.o(i._ZN8MainView19CtrlPanelBtnPressedEh) referenced from frontendapplication.o(.constdata)
 <LI><a href="#[fe]">MainView::~MainView()</a> from mainview.o(i._ZN8MainViewD1Ev) referenced from mainview.o(.constdata__ZTV8MainView)
 <LI><a href="#[11e]">touchgfx::Transition::setScreenContainer(touchgfx::Container&)</a> from frontendapplication.o(i._ZN8touchgfx10Transition18setScreenContainerERNS_9ContainerE) referenced from frontendapplication.o(.constdata__ZTVN8touchgfx12NoTransitionE)
 <LI><a href="#[11d]">touchgfx::Transition::init()</a> from frontendapplication.o(i._ZN8touchgfx10Transition4initEv) referenced from frontendapplication.o(.constdata__ZTVN8touchgfx12NoTransitionE)
 <LI><a href="#[11c]">touchgfx::Transition::tearDown()</a> from frontendapplication.o(i._ZN8touchgfx10Transition8tearDownEv) referenced from frontendapplication.o(.constdata__ZTVN8touchgfx12NoTransitionE)
 <LI><a href="#[f0]">touchgfx::Application::handleKeyEvent(unsigned char)</a> from application.o(i._ZN8touchgfx11Application14handleKeyEventEh) referenced from frontendapplication.o(.constdata__ZTV19FrontendApplication)
 <LI><a href="#[f0]">touchgfx::Application::handleKeyEvent(unsigned char)</a> from application.o(i._ZN8touchgfx11Application14handleKeyEventEh) referenced from application.o(.constdata__ZTVN8touchgfx11ApplicationE)
 <LI><a href="#[f0]">touchgfx::Application::handleKeyEvent(unsigned char)</a> from application.o(i._ZN8touchgfx11Application14handleKeyEventEh) referenced from frontendapplication.o(.constdata__ZTVN8touchgfx14MVPApplicationE)
 <LI><a href="#[ee]">touchgfx::Application::handleDragEvent(const touchgfx::DragEvent&)</a> from application.o(i._ZN8touchgfx11Application15handleDragEventERKNS_9DragEventE) referenced from frontendapplication.o(.constdata__ZTV19FrontendApplication)
 <LI><a href="#[ee]">touchgfx::Application::handleDragEvent(const touchgfx::DragEvent&)</a> from application.o(i._ZN8touchgfx11Application15handleDragEventERKNS_9DragEventE) referenced from application.o(.constdata__ZTVN8touchgfx11ApplicationE)
 <LI><a href="#[ee]">touchgfx::Application::handleDragEvent(const touchgfx::DragEvent&)</a> from application.o(i._ZN8touchgfx11Application15handleDragEventERKNS_9DragEventE) referenced from frontendapplication.o(.constdata__ZTVN8touchgfx14MVPApplicationE)
 <LI><a href="#[108]">touchgfx::Application::handleTickEvent()</a> from application.o(i._ZN8touchgfx11Application15handleTickEventEv) referenced from application.o(.constdata__ZTVN8touchgfx11ApplicationE)
 <LI><a href="#[108]">touchgfx::Application::handleTickEvent()</a> from application.o(i._ZN8touchgfx11Application15handleTickEventEv) referenced from frontendapplication.o(.constdata__ZTVN8touchgfx14MVPApplicationE)
 <LI><a href="#[ed]">touchgfx::Application::handleClickEvent(const touchgfx::ClickEvent&)</a> from application.o(i._ZN8touchgfx11Application16handleClickEventERKNS_10ClickEventE) referenced from frontendapplication.o(.constdata__ZTV19FrontendApplication)
 <LI><a href="#[ed]">touchgfx::Application::handleClickEvent(const touchgfx::ClickEvent&)</a> from application.o(i._ZN8touchgfx11Application16handleClickEventERKNS_10ClickEventE) referenced from application.o(.constdata__ZTVN8touchgfx11ApplicationE)
 <LI><a href="#[ed]">touchgfx::Application::handleClickEvent(const touchgfx::ClickEvent&)</a> from application.o(i._ZN8touchgfx11Application16handleClickEventERKNS_10ClickEventE) referenced from frontendapplication.o(.constdata__ZTVN8touchgfx14MVPApplicationE)
 <LI><a href="#[ef]">touchgfx::Application::handleGestureEvent(const touchgfx::GestureEvent&)</a> from application.o(i._ZN8touchgfx11Application18handleGestureEventERKNS_12GestureEventE) referenced from frontendapplication.o(.constdata__ZTV19FrontendApplication)
 <LI><a href="#[ef]">touchgfx::Application::handleGestureEvent(const touchgfx::GestureEvent&)</a> from application.o(i._ZN8touchgfx11Application18handleGestureEventERKNS_12GestureEventE) referenced from application.o(.constdata__ZTVN8touchgfx11ApplicationE)
 <LI><a href="#[ef]">touchgfx::Application::handleGestureEvent(const touchgfx::GestureEvent&)</a> from application.o(i._ZN8touchgfx11Application18handleGestureEventERKNS_12GestureEventE) referenced from frontendapplication.o(.constdata__ZTVN8touchgfx14MVPApplicationE)
 <LI><a href="#[f6]">touchgfx::Application::cacheDrawOperations(bool)</a> from application.o(i._ZN8touchgfx11Application19cacheDrawOperationsEb) referenced from frontendapplication.o(.constdata__ZTV19FrontendApplication)
 <LI><a href="#[f6]">touchgfx::Application::cacheDrawOperations(bool)</a> from application.o(i._ZN8touchgfx11Application19cacheDrawOperationsEb) referenced from application.o(.constdata__ZTVN8touchgfx11ApplicationE)
 <LI><a href="#[f6]">touchgfx::Application::cacheDrawOperations(bool)</a> from application.o(i._ZN8touchgfx11Application19cacheDrawOperationsEb) referenced from frontendapplication.o(.constdata__ZTVN8touchgfx14MVPApplicationE)
 <LI><a href="#[109]">touchgfx::Application::handlePendingScreenTransition()</a> from application.o(i._ZN8touchgfx11Application29handlePendingScreenTransitionEv) referenced from application.o(.constdata__ZTVN8touchgfx11ApplicationE)
 <LI><a href="#[f5]">touchgfx::Application::draw(touchgfx::Rect&)</a> from application.o(i._ZN8touchgfx11Application4drawERNS_4RectE) referenced from frontendapplication.o(.constdata__ZTV19FrontendApplication)
 <LI><a href="#[f5]">touchgfx::Application::draw(touchgfx::Rect&)</a> from application.o(i._ZN8touchgfx11Application4drawERNS_4RectE) referenced from application.o(.constdata__ZTVN8touchgfx11ApplicationE)
 <LI><a href="#[f5]">touchgfx::Application::draw(touchgfx::Rect&)</a> from application.o(i._ZN8touchgfx11Application4drawERNS_4RectE) referenced from frontendapplication.o(.constdata__ZTVN8touchgfx14MVPApplicationE)
 <LI><a href="#[f4]">touchgfx::Application::draw()</a> from application.o(i._ZN8touchgfx11Application4drawEv) referenced from frontendapplication.o(.constdata__ZTV19FrontendApplication)
 <LI><a href="#[f4]">touchgfx::Application::draw()</a> from application.o(i._ZN8touchgfx11Application4drawEv) referenced from application.o(.constdata__ZTVN8touchgfx11ApplicationE)
 <LI><a href="#[f4]">touchgfx::Application::draw()</a> from application.o(i._ZN8touchgfx11Application4drawEv) referenced from frontendapplication.o(.constdata__ZTVN8touchgfx14MVPApplicationE)
 <LI><a href="#[10e]">touchgfx::CanvasWidget::setPainter(touchgfx::AbstractPainter&)</a> from canvaswidget.o(i._ZN8touchgfx12CanvasWidget10setPainterERNS_15AbstractPainterE) referenced from canvaswidget.o(.constdata__ZTVN8touchgfx12CanvasWidgetE)
 <LI><a href="#[10e]">touchgfx::CanvasWidget::setPainter(touchgfx::AbstractPainter&)</a> from canvaswidget.o(i._ZN8touchgfx12CanvasWidget10setPainterERNS_15AbstractPainterE) referenced from line.o(.constdata__ZTVN8touchgfx4LineE)
 <LI><a href="#[10e]">touchgfx::CanvasWidget::setPainter(touchgfx::AbstractPainter&)</a> from canvaswidget.o(i._ZN8touchgfx12CanvasWidget10setPainterERNS_15AbstractPainterE) referenced from marker.o(.constdata__ZTVN8touchgfx7SnapperINS_4LineEEE)
 <LI><a href="#[10a]">touchgfx::CanvasWidget::~CanvasWidget__sub_object()</a> from canvaswidget.o(i._ZN8touchgfx12CanvasWidgetD2Ev) referenced from canvaswidget.o(.constdata__ZTVN8touchgfx12CanvasWidgetE)
 <LI><a href="#[113]">touchgfx::MoveAnimator&lang;ChannelControlPanel&rang;::handleTickEvent()</a> from frontendapplication.o(t._ZN8touchgfx12MoveAnimatorI19ChannelControlPanelE15handleTickEventEv) referenced from frontendapplication.o(.constdata__ZTVN8touchgfx12MoveAnimatorI19ChannelControlPanelEE)
 <LI><a href="#[8f]">touchgfx::MoveAnimator&lang;ChannelControlPanel&rang;::MoveAnimator()</a> from frontendapplication.o(t._ZN8touchgfx12MoveAnimatorI19ChannelControlPanelEC1Ev) referenced from frontendapplication.o(i._ZN8MainViewC1Ev)
 <LI><a href="#[90]">touchgfx::MoveAnimator&lang;ChannelControlPanel&rang;::~MoveAnimator()</a> from frontendapplication.o(t._ZN8touchgfx12MoveAnimatorI19ChannelControlPanelED1Ev) referenced from frontendapplication.o(.constdata__ZTVN8touchgfx12MoveAnimatorI19ChannelControlPanelEE)
 <LI><a href="#[90]">touchgfx::MoveAnimator&lang;ChannelControlPanel&rang;::~MoveAnimator()</a> from frontendapplication.o(t._ZN8touchgfx12MoveAnimatorI19ChannelControlPanelED1Ev) referenced from mainview.o(i._ZN8MainViewD1Ev)
 <LI><a href="#[116]">touchgfx::MoveAnimator&lang;touchgfx::TextArea&rang;::handleTickEvent()</a> from channelcontrolpanel.o(t._ZN8touchgfx12MoveAnimatorINS_8TextAreaEE15handleTickEventEv) referenced from channelcontrolpanel.o(.constdata__ZTVN8touchgfx12MoveAnimatorINS_8TextAreaEEE)
 <LI><a href="#[8c]">touchgfx::MoveAnimator&lang;touchgfx::TextArea&rang;::MoveAnimator()</a> from channelcontrolpanel.o(t._ZN8touchgfx12MoveAnimatorINS_8TextAreaEEC1Ev) referenced from channelcontrolpanel.o(i._ZN19ChannelControlPanelC1Ev)
 <LI><a href="#[8c]">touchgfx::MoveAnimator&lang;touchgfx::TextArea&rang;::MoveAnimator()</a> from channelcontrolpanel.o(t._ZN8touchgfx12MoveAnimatorINS_8TextAreaEEC1Ev) referenced from frontendapplication.o(i._ZN8MainViewC1Ev)
 <LI><a href="#[8d]">touchgfx::MoveAnimator&lang;touchgfx::TextArea&rang;::~MoveAnimator()</a> from channelcontrolpanel.o(t._ZN8touchgfx12MoveAnimatorINS_8TextAreaEED1Ev) referenced from channelcontrolpanel.o(.constdata__ZTVN8touchgfx12MoveAnimatorINS_8TextAreaEEE)
 <LI><a href="#[8d]">touchgfx::MoveAnimator&lang;touchgfx::TextArea&rang;::~MoveAnimator()</a> from channelcontrolpanel.o(t._ZN8touchgfx12MoveAnimatorINS_8TextAreaEED1Ev) referenced from channelcontrolpanel.o(i._ZN19ChannelControlPanelD1Ev)
 <LI><a href="#[8d]">touchgfx::MoveAnimator&lang;touchgfx::TextArea&rang;::~MoveAnimator()</a> from channelcontrolpanel.o(t._ZN8touchgfx12MoveAnimatorINS_8TextAreaEED1Ev) referenced from mainview.o(i._ZN8MainViewD1Ev)
 <LI><a href="#[119]">touchgfx::MoveAnimator&lang;touchgfx::Container&rang;::handleTickEvent()</a> from slidemenu.o(t._ZN8touchgfx12MoveAnimatorINS_9ContainerEE15handleTickEventEv) referenced from slidemenu.o(.constdata__ZTVN8touchgfx12MoveAnimatorINS_9ContainerEEE)
 <LI><a href="#[11b]">touchgfx::NoTransition::handleTickEvent()</a> from frontendapplication.o(i._ZN8touchgfx12NoTransition15handleTickEventEv) referenced from frontendapplication.o(.constdata__ZTVN8touchgfx12NoTransitionE)
 <LI><a href="#[11a]">touchgfx::NoTransition::~NoTransition()</a> from frontendapplication.o(i._ZN8touchgfx12NoTransitionD1Ev) referenced from frontendapplication.o(.constdata__ZTVN8touchgfx12NoTransitionE)
 <LI><a href="#[122]">touchgfx::RepeatButton::handleTickEvent()</a> from repeatbutton.o(i._ZN8touchgfx12RepeatButton15handleTickEventEv) referenced from repeatbutton.o(.constdata__ZTVN8touchgfx12RepeatButtonE)
 <LI><a href="#[121]">touchgfx::RepeatButton::handleClickEvent(const touchgfx::ClickEvent&)</a> from repeatbutton.o(i._ZN8touchgfx12RepeatButton16handleClickEventERKNS_10ClickEventE) referenced from repeatbutton.o(.constdata__ZTVN8touchgfx12RepeatButtonE)
 <LI><a href="#[124]">touchgfx::RepeatButton::setDelay(int)</a> from repeatbutton.o(i._ZN8touchgfx12RepeatButton8setDelayEi) referenced from repeatbutton.o(.constdata__ZTVN8touchgfx12RepeatButtonE)
 <LI><a href="#[126]">touchgfx::ToggleButton::setBitmaps(const touchgfx::Bitmap&, const touchgfx::Bitmap&)</a> from channelcontrolpanel.o(i._ZN8touchgfx12ToggleButton10setBitmapsERKNS_6BitmapES3_) referenced from togglebutton.o(.constdata__ZTVN8touchgfx12ToggleButtonE)
 <LI><a href="#[125]">touchgfx::ToggleButton::handleClickEvent(const touchgfx::ClickEvent&)</a> from togglebutton.o(i._ZN8touchgfx12ToggleButton16handleClickEventERKNS_10ClickEventE) referenced from togglebutton.o(.constdata__ZTVN8touchgfx12ToggleButtonE)
 <LI><a href="#[a6]">touchgfx::DMA_Interface::addToQueue(const touchgfx::BlitOp&)</a> from dma.o(i._ZN8touchgfx13DMA_Interface10addToQueueERKNS_6BlitOpE) referenced from stm32f7dma.o(.constdata__ZTV10STM32F7DMA)
 <LI><a href="#[b0]">touchgfx::DMA_Interface::enableAlpha(unsigned char)</a> from dma.o(i._ZN8touchgfx13DMA_Interface11enableAlphaEh) referenced from stm32f7dma.o(.constdata__ZTV10STM32F7DMA)
 <LI><a href="#[b1]">touchgfx::DMA_Interface::disableAlpha()</a> from dma.o(i._ZN8touchgfx13DMA_Interface12disableAlphaEv) referenced from stm32f7dma.o(.constdata__ZTV10STM32F7DMA)
 <LI><a href="#[ad]">touchgfx::DMA_Interface::seedExecution()</a> from dma.o(i._ZN8touchgfx13DMA_Interface13seedExecutionEv) referenced from stm32f7dma.o(.constdata__ZTV10STM32F7DMA)
 <LI><a href="#[ac]">touchgfx::DMA_Interface::executeCompleted()</a> from dma.o(i._ZN8touchgfx13DMA_Interface16executeCompletedEv) referenced from stm32f7dma.o(.constdata__ZTV10STM32F7DMA)
 <LI><a href="#[b2]">touchgfx::DMA_Interface::waitForFrameBufferSemaphore()</a> from dma.o(i._ZN8touchgfx13DMA_Interface27waitForFrameBufferSemaphoreEv) referenced from stm32f7dma.o(.constdata__ZTV10STM32F7DMA)
 <LI><a href="#[a7]">touchgfx::DMA_Interface::flush()</a> from stm32f7dma.o(i._ZN8touchgfx13DMA_Interface5flushEv) referenced from stm32f7dma.o(.constdata__ZTV10STM32F7DMA)
 <LI><a href="#[a9]">touchgfx::DMA_Interface::start()</a> from dma.o(i._ZN8touchgfx13DMA_Interface5startEv) referenced from stm32f7dma.o(.constdata__ZTV10STM32F7DMA)
 <LI><a href="#[ab]">touchgfx::DMA_Interface::execute()</a> from dma.o(i._ZN8touchgfx13DMA_Interface7executeEv) referenced from stm32f7dma.o(.constdata__ZTV10STM32F7DMA)
 <LI><a href="#[127]">touchgfx::PainterRGB565::render(unsigned char*, int, int, int, unsigned, const unsigned char*)</a> from painterrgb565.o(i._ZN8touchgfx13PainterRGB5656renderEPhiiijPKh) referenced from painterrgb565.o(.constdata__ZTVN8touchgfx13PainterRGB565E)
 <LI><a href="#[154]">touchgfx::AbstractButton::handleClickEvent(const touchgfx::ClickEvent&)</a> from abstractbutton.o(i._ZN8touchgfx14AbstractButton16handleClickEventERKNS_10ClickEventE) referenced from button.o(.constdata__ZTVN8touchgfx6ButtonE)
 <LI><a href="#[f2]">touchgfx::MVPApplication::handlePendingScreenTransition()</a> from frontendapplication.o(i._ZN8touchgfx14MVPApplication29handlePendingScreenTransitionEv) referenced from frontendapplication.o(.constdata__ZTV19FrontendApplication)
 <LI><a href="#[f2]">touchgfx::MVPApplication::handlePendingScreenTransition()</a> from frontendapplication.o(i._ZN8touchgfx14MVPApplication29handlePendingScreenTransitionEv) referenced from frontendapplication.o(.constdata__ZTVN8touchgfx14MVPApplicationE)
 <LI><a href="#[128]">touchgfx::AbstractPainter::~AbstractPainter__sub_object()</a> from abstractpainter.o(i._ZN8touchgfx15AbstractPainterD2Ev) referenced from abstractpainter.o(.constdata__ZTVN8touchgfx15AbstractPainterE)
 <LI><a href="#[8b]">touchgfx::EasingEquations::cubicEaseOut(unsigned short, short, short, unsigned short)</a> from easingequations.o(i._ZN8touchgfx15EasingEquations12cubicEaseOutEtsst) referenced from channelcontrolpanel.o(i._ZN19ChannelControlPanel17slideVerticalTextENS_14SlideDirectionE)
 <LI><a href="#[8b]">touchgfx::EasingEquations::cubicEaseOut(unsigned short, short, short, unsigned short)</a> from easingequations.o(i._ZN8touchgfx15EasingEquations12cubicEaseOutEtsst) referenced from channelcontrolpanel.o(i._ZN19ChannelControlPanel18slideHorizotalTextENS_14SlideDirectionE)
 <LI><a href="#[8b]">touchgfx::EasingEquations::cubicEaseOut(unsigned short, short, short, unsigned short)</a> from easingequations.o(i._ZN8touchgfx15EasingEquations12cubicEaseOutEtsst) referenced from mainview.o(i._ZN8MainView10slideTextsENS_14SlideDirectionE)
 <LI><a href="#[8e]">touchgfx::EasingEquations::cubicEaseInOut(unsigned short, short, short, unsigned short)</a> from easingequations.o(i._ZN8touchgfx15EasingEquations14cubicEaseInOutEtsst) referenced from mainview.o(i._ZN8MainView10slideTextsENS_14SlideDirectionE)
 <LI><a href="#[8e]">touchgfx::EasingEquations::cubicEaseInOut(unsigned short, short, short, unsigned short)</a> from easingequations.o(i._ZN8touchgfx15EasingEquations14cubicEaseInOutEtsst) referenced from slidemenu.o(i._ZN8touchgfx9SlideMenuC1Ev)
 <LI><a href="#[8a]">touchgfx::EasingEquations::linearEaseNone(unsigned short, short, short, unsigned short)</a> from easingequations.o(i._ZN8touchgfx15EasingEquations14linearEaseNoneEtsst) referenced from channelcontrolpanel.o(i._ZN19ChannelControlPanel17slideVerticalTextENS_14SlideDirectionE)
 <LI><a href="#[8a]">touchgfx::EasingEquations::linearEaseNone(unsigned short, short, short, unsigned short)</a> from easingequations.o(i._ZN8touchgfx15EasingEquations14linearEaseNoneEtsst) referenced from channelcontrolpanel.o(i._ZN19ChannelControlPanel18slideHorizotalTextENS_14SlideDirectionE)
 <LI><a href="#[8a]">touchgfx::EasingEquations::linearEaseNone(unsigned short, short, short, unsigned short)</a> from easingequations.o(i._ZN8touchgfx15EasingEquations14linearEaseNoneEtsst) referenced from mainview.o(i._ZN8MainView10slideTextsENS_14SlideDirectionE)
 <LI><a href="#[129]">touchgfx::AbstractPartition::~AbstractPartition__sub_object()</a> from abstractpartition.o(i._ZN8touchgfx17AbstractPartitionD2Ev) referenced from abstractpartition.o(.constdata__ZTVN8touchgfx17AbstractPartitionE)
 <LI><a href="#[88]">touchgfx::InternalFlashFont::~InternalFlashFont()</a> from fontgetters.o(i._ZN8touchgfx17InternalFlashFontD1Ev) referenced from internalflashfont.o(.constdata__ZTVN8touchgfx17InternalFlashFontE)
 <LI><a href="#[88]">touchgfx::InternalFlashFont::~InternalFlashFont()</a> from fontgetters.o(i._ZN8touchgfx17InternalFlashFontD1Ev) referenced from fontgetters.o(i._Z28getFont_Asap_Regular_12_4bppv)
 <LI><a href="#[88]">touchgfx::InternalFlashFont::~InternalFlashFont()</a> from fontgetters.o(i._ZN8touchgfx17InternalFlashFontD1Ev) referenced from fontgetters.o(i._Z28getFont_Asap_Regular_13_4bppv)
 <LI><a href="#[88]">touchgfx::InternalFlashFont::~InternalFlashFont()</a> from fontgetters.o(i._ZN8touchgfx17InternalFlashFontD1Ev) referenced from fontgetters.o(i._Z28getFont_Asap_Regular_14_8bppv)
 <LI><a href="#[88]">touchgfx::InternalFlashFont::~InternalFlashFont()</a> from fontgetters.o(i._ZN8touchgfx17InternalFlashFontD1Ev) referenced from fontgetters.o(i._Z28getFont_Asap_Regular_18_4bppv)
 <LI><a href="#[135]">touchgfx::LockFreeDMA_Queue::pushCopyOf(const touchgfx::BlitOp&)</a> from dma.o(i._ZN8touchgfx17LockFreeDMA_Queue10pushCopyOfERKNS_6BlitOpE) referenced from dma.o(.constdata__ZTVN8touchgfx17LockFreeDMA_QueueE)
 <LI><a href="#[136]">touchgfx::LockFreeDMA_Queue::pop()</a> from dma.o(i._ZN8touchgfx17LockFreeDMA_Queue3popEv) referenced from dma.o(.constdata__ZTVN8touchgfx17LockFreeDMA_QueueE)
 <LI><a href="#[137]">touchgfx::LockFreeDMA_Queue::first()</a> from dma.o(i._ZN8touchgfx17LockFreeDMA_Queue5firstEv) referenced from dma.o(.constdata__ZTVN8touchgfx17LockFreeDMA_QueueE)
 <LI><a href="#[134]">touchgfx::LockFreeDMA_Queue::isFull()</a> from dma.o(i._ZN8touchgfx17LockFreeDMA_Queue6isFullEv) referenced from dma.o(.constdata__ZTVN8touchgfx17LockFreeDMA_QueueE)
 <LI><a href="#[133]">touchgfx::LockFreeDMA_Queue::isEmpty()</a> from dma.o(i._ZN8touchgfx17LockFreeDMA_Queue7isEmptyEv) referenced from dma.o(.constdata__ZTVN8touchgfx17LockFreeDMA_QueueE)
 <LI><a href="#[144]">touchgfx::MCUInstrumentation::getCCConsumed()</a> from stm32f7instrumentation.o(i._ZN8touchgfx18MCUInstrumentation13getCCConsumedEv) referenced from stm32f7instrumentation.o(.constdata__ZTVN8touchgfx22STM32F7InstrumentationE)
 <LI><a href="#[145]">touchgfx::MCUInstrumentation::setCCConsumed(unsigned)</a> from stm32f7instrumentation.o(i._ZN8touchgfx18MCUInstrumentation13setCCConsumedEj) referenced from stm32f7instrumentation.o(.constdata__ZTVN8touchgfx22STM32F7InstrumentationE)
 <LI><a href="#[138]">touchgfx::ScrollableContainer::getLastChild(short, short, touchgfx::Drawable**)</a> from scrollablecontainer.o(i._ZN8touchgfx19ScrollableContainer12getLastChildEssPPNS_8DrawableE) referenced from scrollablecontainer.o(.constdata__ZTVN8touchgfx19ScrollableContainerE)
 <LI><a href="#[140]">touchgfx::ScrollableContainer::isScrollableXY(bool&, bool&)</a> from scrollablecontainer.o(i._ZN8touchgfx19ScrollableContainer14isScrollableXYERbS1_) referenced from scrollablecontainer.o(.constdata__ZTVN8touchgfx19ScrollableContainerE)
 <LI><a href="#[13b]">touchgfx::ScrollableContainer::handleDragEvent(const touchgfx::DragEvent&)</a> from scrollablecontainer.o(i._ZN8touchgfx19ScrollableContainer15handleDragEventERKNS_9DragEventE) referenced from scrollablecontainer.o(.constdata__ZTVN8touchgfx19ScrollableContainerE)
 <LI><a href="#[13c]">touchgfx::ScrollableContainer::handleTickEvent()</a> from scrollablecontainer.o(i._ZN8touchgfx19ScrollableContainer15handleTickEventEv) referenced from scrollablecontainer.o(.constdata__ZTVN8touchgfx19ScrollableContainerE)
 <LI><a href="#[139]">touchgfx::ScrollableContainer::handleClickEvent(const touchgfx::ClickEvent&)</a> from scrollablecontainer.o(i._ZN8touchgfx19ScrollableContainer16handleClickEventERKNS_10ClickEventE) referenced from scrollablecontainer.o(.constdata__ZTVN8touchgfx19ScrollableContainerE)
 <LI><a href="#[13a]">touchgfx::ScrollableContainer::handleGestureEvent(const touchgfx::GestureEvent&)</a> from scrollablecontainer.o(i._ZN8touchgfx19ScrollableContainer18handleGestureEventERKNS_12GestureEventE) referenced from scrollablecontainer.o(.constdata__ZTVN8touchgfx19ScrollableContainerE)
 <LI><a href="#[13f]">touchgfx::ScrollableContainer::moveChildrenRelative(short, short)</a> from scrollablecontainer.o(i._ZN8touchgfx19ScrollableContainer20moveChildrenRelativeEss) referenced from scrollablecontainer.o(.constdata__ZTVN8touchgfx19ScrollableContainerE)
 <LI><a href="#[13d]">touchgfx::ScrollableContainer::add(touchgfx::Drawable&)</a> from scrollablecontainer.o(i._ZN8touchgfx19ScrollableContainer3addERNS_8DrawableE) referenced from scrollablecontainer.o(.constdata__ZTVN8touchgfx19ScrollableContainerE)
 <LI><a href="#[141]">touchgfx::ScrollableContainer::doScroll(short, short)</a> from scrollablecontainer.o(i._ZN8touchgfx19ScrollableContainer8doScrollEss) referenced from scrollablecontainer.o(.constdata__ZTVN8touchgfx19ScrollableContainerE)
 <LI><a href="#[143]">touchgfx::STM32F7Instrumentation::getCPUCycles()</a> from stm32f7instrumentation.o(i._ZN8touchgfx22STM32F7Instrumentation12getCPUCyclesEv) referenced from stm32f7instrumentation.o(.constdata__ZTVN8touchgfx22STM32F7InstrumentationE)
 <LI><a href="#[142]">touchgfx::STM32F7Instrumentation::init()</a> from stm32f7instrumentation.o(i._ZN8touchgfx22STM32F7Instrumentation4initEv) referenced from stm32f7instrumentation.o(.constdata__ZTVN8touchgfx22STM32F7InstrumentationE)
 <LI><a href="#[96]">touchgfx::STM32F7Instrumentation::~STM32F7Instrumentation()</a> from boardconfiguration.o(i._ZN8touchgfx22STM32F7InstrumentationD1Ev) referenced from stm32f7instrumentation.o(.constdata__ZTVN8touchgfx22STM32F7InstrumentationE)
 <LI><a href="#[96]">touchgfx::STM32F7Instrumentation::~STM32F7Instrumentation()</a> from boardconfiguration.o(i._ZN8touchgfx22STM32F7InstrumentationD1Ev) referenced from boardconfiguration.o(i.__sti___22_BoardConfiguration_cpp_dceb80ee)
 <LI><a href="#[147]">touchgfx::TextAreaWithOneWildcard::getTextHeight()</a> from frontendapplication.o(i._ZN8touchgfx23TextAreaWithOneWildcard13getTextHeightEv) referenced from frontendapplication.o(.constdata__ZTVN8touchgfx23TextAreaWithOneWildcardE)
 <LI><a href="#[14a]">touchgfx::STM32F746GTouchController::sampleTouch(int&, int&)</a> from stm32f746gtouchcontroller.o(i._ZN8touchgfx25STM32F746GTouchController11sampleTouchERiS1_) referenced from stm32f746gtouchcontroller.o(.constdata__ZTVN8touchgfx25STM32F746GTouchControllerE)
 <LI><a href="#[149]">touchgfx::STM32F746GTouchController::init()</a> from stm32f746gtouchcontroller.o(i._ZN8touchgfx25STM32F746GTouchController4initEv) referenced from stm32f746gtouchcontroller.o(.constdata__ZTVN8touchgfx25STM32F746GTouchControllerE)
 <LI><a href="#[95]">touchgfx::STM32F746GTouchController::~STM32F746GTouchController()</a> from boardconfiguration.o(i._ZN8touchgfx25STM32F746GTouchControllerD1Ev) referenced from stm32f746gtouchcontroller.o(.constdata__ZTVN8touchgfx25STM32F746GTouchControllerE)
 <LI><a href="#[95]">touchgfx::STM32F746GTouchController::~STM32F746GTouchController()</a> from boardconfiguration.o(i._ZN8touchgfx25STM32F746GTouchControllerD1Ev) referenced from boardconfiguration.o(i.__sti___22_BoardConfiguration_cpp_dceb80ee)
 <LI><a href="#[cb]">touchgfx::HAL::beginFrame()</a> from hal.o(i._ZN8touchgfx3HAL10beginFrameEv) referenced from stm32f7hal.o(.constdata__ZTV10STM32F7HAL)
 <LI><a href="#[cb]">touchgfx::HAL::beginFrame()</a> from hal.o(i._ZN8touchgfx3HAL10beginFrameEv) referenced from hal.o(.constdata__ZTVN8touchgfx3HALE)
 <LI><a href="#[bc]">touchgfx::HAL::getBlitCaps()</a> from stm32f7hal.o(i._ZN8touchgfx3HAL11getBlitCapsEv) referenced from stm32f7hal.o(.constdata__ZTV10STM32F7HAL)
 <LI><a href="#[bc]">touchgfx::HAL::getBlitCaps()</a> from stm32f7hal.o(i._ZN8touchgfx3HAL11getBlitCapsEv) referenced from hal.o(.constdata__ZTVN8touchgfx3HALE)
 <LI><a href="#[bf]">touchgfx::HAL::blitCopyGlyph(const unsigned char*, unsigned short, unsigned short, unsigned short, unsigned short, unsigned short, touchgfx::colortype, unsigned char, touchgfx::BlitOperations)</a> from hal.o(i._ZN8touchgfx3HAL13blitCopyGlyphEPKhtttttNS_9colortypeEhNS_14BlitOperationsE) referenced from stm32f7hal.o(.constdata__ZTV10STM32F7HAL)
 <LI><a href="#[bf]">touchgfx::HAL::blitCopyGlyph(const unsigned char*, unsigned short, unsigned short, unsigned short, unsigned short, unsigned short, touchgfx::colortype, unsigned char, touchgfx::BlitOperations)</a> from hal.o(i._ZN8touchgfx3HAL13blitCopyGlyphEPKhtttttNS_9colortypeEhNS_14BlitOperationsE) referenced from hal.o(.constdata__ZTVN8touchgfx3HALE)
 <LI><a href="#[c2]">touchgfx::HAL::backPorchExited()</a> from stm32f7hal.o(i._ZN8touchgfx3HAL15backPorchExitedEv) referenced from stm32f7hal.o(.constdata__ZTV10STM32F7HAL)
 <LI><a href="#[c2]">touchgfx::HAL::backPorchExited()</a> from stm32f7hal.o(i._ZN8touchgfx3HAL15backPorchExitedEv) referenced from hal.o(.constdata__ZTVN8touchgfx3HALE)
 <LI><a href="#[ba]">touchgfx::HAL::cacheTextString(const unsigned short*)</a> from hal.o(i._ZN8touchgfx3HAL15cacheTextStringEPKt) referenced from stm32f7hal.o(.constdata__ZTV10STM32F7HAL)
 <LI><a href="#[ba]">touchgfx::HAL::cacheTextString(const unsigned short*)</a> from hal.o(i._ZN8touchgfx3HAL15cacheTextStringEPKt) referenced from hal.o(.constdata__ZTVN8touchgfx3HALE)
 <LI><a href="#[b8]">touchgfx::HAL::lockFrameBuffer()</a> from hal.o(i._ZN8touchgfx3HAL15lockFrameBufferEv) referenced from stm32f7hal.o(.constdata__ZTV10STM32F7HAL)
 <LI><a href="#[b8]">touchgfx::HAL::lockFrameBuffer()</a> from hal.o(i._ZN8touchgfx3HAL15lockFrameBufferEv) referenced from hal.o(.constdata__ZTVN8touchgfx3HALE)
 <LI><a href="#[be]">touchgfx::HAL::blitCopyARGB8888(const unsigned short*, unsigned short, unsigned short, unsigned short, unsigned short, unsigned short, unsigned char)</a> from hal.o(i._ZN8touchgfx3HAL16blitCopyARGB8888EPKtttttth) referenced from stm32f7hal.o(.constdata__ZTV10STM32F7HAL)
 <LI><a href="#[be]">touchgfx::HAL::blitCopyARGB8888(const unsigned short*, unsigned short, unsigned short, unsigned short, unsigned short, unsigned short, unsigned char)</a> from hal.o(i._ZN8touchgfx3HAL16blitCopyARGB8888EPKtttttth) referenced from hal.o(.constdata__ZTVN8touchgfx3HALE)
 <LI><a href="#[14d]">touchgfx::HAL::flushFrameBuffer(const touchgfx::Rect&)</a> from hal.o(i._ZN8touchgfx3HAL16flushFrameBufferERKNS_4RectE) referenced from hal.o(.constdata__ZTVN8touchgfx3HALE)
 <LI><a href="#[b6]">touchgfx::HAL::allowDMATransfers()</a> from hal.o(i._ZN8touchgfx3HAL17allowDMATransfersEv) referenced from stm32f7hal.o(.constdata__ZTV10STM32F7HAL)
 <LI><a href="#[b6]">touchgfx::HAL::allowDMATransfers()</a> from hal.o(i._ZN8touchgfx3HAL17allowDMATransfersEv) referenced from hal.o(.constdata__ZTVN8touchgfx3HALE)
 <LI><a href="#[14e]">touchgfx::HAL::getTFTCurrentLine()</a> from hal.o(i._ZN8touchgfx3HAL17getTFTCurrentLineEv) referenced from hal.o(.constdata__ZTVN8touchgfx3HALE)
 <LI><a href="#[b9]">touchgfx::HAL::unlockFrameBuffer()</a> from hal.o(i._ZN8touchgfx3HAL17unlockFrameBufferEv) referenced from stm32f7hal.o(.constdata__ZTV10STM32F7HAL)
 <LI><a href="#[b9]">touchgfx::HAL::unlockFrameBuffer()</a> from hal.o(i._ZN8touchgfx3HAL17unlockFrameBufferEv) referenced from hal.o(.constdata__ZTVN8touchgfx3HALE)
 <LI><a href="#[c1]">touchgfx::HAL::registerEventListener(touchgfx::UIEventListener&)</a> from hal.o(i._ZN8touchgfx3HAL21registerEventListenerERNS_15UIEventListenerE) referenced from stm32f7hal.o(.constdata__ZTV10STM32F7HAL)
 <LI><a href="#[c1]">touchgfx::HAL::registerEventListener(touchgfx::UIEventListener&)</a> from hal.o(i._ZN8touchgfx3HAL21registerEventListenerERNS_15UIEventListenerE) referenced from hal.o(.constdata__ZTVN8touchgfx3HALE)
 <LI><a href="#[c7]">touchgfx::HAL::setFrameBufferStartAddress(void*, unsigned short, bool, bool)</a> from stm32f7hal.o(i._ZN8touchgfx3HAL26setFrameBufferStartAddressEPvtbb) referenced from stm32f7hal.o(.constdata__ZTV10STM32F7HAL)
 <LI><a href="#[c7]">touchgfx::HAL::setFrameBufferStartAddress(void*, unsigned short, bool, bool)</a> from stm32f7hal.o(i._ZN8touchgfx3HAL26setFrameBufferStartAddressEPvtbb) referenced from hal.o(.constdata__ZTVN8touchgfx3HALE)
 <LI><a href="#[d1]">touchgfx::HAL::performDisplayOrientationChange()</a> from stm32f7hal.o(i._ZN8touchgfx3HAL31performDisplayOrientationChangeEv) referenced from stm32f7hal.o(.constdata__ZTV10STM32F7HAL)
 <LI><a href="#[d1]">touchgfx::HAL::performDisplayOrientationChange()</a> from stm32f7hal.o(i._ZN8touchgfx3HAL31performDisplayOrientationChangeEv) referenced from hal.o(.constdata__ZTVN8touchgfx3HALE)
 <LI><a href="#[ca]">touchgfx::HAL::tick()</a> from hal.o(i._ZN8touchgfx3HAL4tickEv) referenced from stm32f7hal.o(.constdata__ZTV10STM32F7HAL)
 <LI><a href="#[ca]">touchgfx::HAL::tick()</a> from hal.o(i._ZN8touchgfx3HAL4tickEv) referenced from hal.o(.constdata__ZTVN8touchgfx3HALE)
 <LI><a href="#[cf]">touchgfx::HAL::touch(int, int)</a> from hal.o(i._ZN8touchgfx3HAL5touchEii) referenced from stm32f7hal.o(.constdata__ZTV10STM32F7HAL)
 <LI><a href="#[cf]">touchgfx::HAL::touch(int, int)</a> from hal.o(i._ZN8touchgfx3HAL5touchEii) referenced from hal.o(.constdata__ZTVN8touchgfx3HALE)
 <LI><a href="#[d0]">touchgfx::HAL::noTouch()</a> from hal.o(i._ZN8touchgfx3HAL7noTouchEv) referenced from stm32f7hal.o(.constdata__ZTV10STM32F7HAL)
 <LI><a href="#[d0]">touchgfx::HAL::noTouch()</a> from hal.o(i._ZN8touchgfx3HAL7noTouchEv) referenced from hal.o(.constdata__ZTVN8touchgfx3HALE)
 <LI><a href="#[bd]">touchgfx::HAL::blitCopy(const unsigned short*, unsigned short, unsigned short, unsigned short, unsigned short, unsigned short, unsigned char, bool)</a> from hal.o(i._ZN8touchgfx3HAL8blitCopyEPKtttttthb) referenced from stm32f7hal.o(.constdata__ZTV10STM32F7HAL)
 <LI><a href="#[bd]">touchgfx::HAL::blitCopy(const unsigned short*, unsigned short, unsigned short, unsigned short, unsigned short, unsigned short, unsigned char, bool)</a> from hal.o(i._ZN8touchgfx3HAL8blitCopyEPKtttttthb) referenced from hal.o(.constdata__ZTVN8touchgfx3HALE)
 <LI><a href="#[c0]">touchgfx::HAL::blitFill(touchgfx::colortype, unsigned short, unsigned short, unsigned short, unsigned short, unsigned char)</a> from hal.o(i._ZN8touchgfx3HAL8blitFillENS_9colortypeEtttth) referenced from stm32f7hal.o(.constdata__ZTV10STM32F7HAL)
 <LI><a href="#[c0]">touchgfx::HAL::blitFill(touchgfx::colortype, unsigned short, unsigned short, unsigned short, unsigned short, unsigned char)</a> from hal.o(i._ZN8touchgfx3HAL8blitFillENS_9colortypeEtttth) referenced from hal.o(.constdata__ZTVN8touchgfx3HALE)
 <LI><a href="#[cc]">touchgfx::HAL::endFrame()</a> from hal.o(i._ZN8touchgfx3HAL8endFrameEv) referenced from stm32f7hal.o(.constdata__ZTV10STM32F7HAL)
 <LI><a href="#[cc]">touchgfx::HAL::endFrame()</a> from hal.o(i._ZN8touchgfx3HAL8endFrameEv) referenced from hal.o(.constdata__ZTVN8touchgfx3HALE)
 <LI><a href="#[b7]">touchgfx::HAL::flushDMA()</a> from hal.o(i._ZN8touchgfx3HAL8flushDMAEv) referenced from stm32f7hal.o(.constdata__ZTV10STM32F7HAL)
 <LI><a href="#[b7]">touchgfx::HAL::flushDMA()</a> from hal.o(i._ZN8touchgfx3HAL8flushDMAEv) referenced from hal.o(.constdata__ZTVN8touchgfx3HALE)
 <LI><a href="#[bb]">touchgfx::HAL::blockCopy(void*, const void*, unsigned)</a> from hal.o(i._ZN8touchgfx3HAL9blockCopyEPvPKvj) referenced from stm32f7hal.o(.constdata__ZTV10STM32F7HAL)
 <LI><a href="#[bb]">touchgfx::HAL::blockCopy(void*, const void*, unsigned)</a> from hal.o(i._ZN8touchgfx3HAL9blockCopyEPvPKvj) referenced from hal.o(.constdata__ZTVN8touchgfx3HALE)
 <LI><a href="#[c8]">touchgfx::HAL::taskDelay(unsigned short)</a> from stm32f7hal.o(i._ZN8touchgfx3HAL9taskDelayEt) referenced from stm32f7hal.o(.constdata__ZTV10STM32F7HAL)
 <LI><a href="#[c8]">touchgfx::HAL::taskDelay(unsigned short)</a> from stm32f7hal.o(i._ZN8touchgfx3HAL9taskDelayEt) referenced from hal.o(.constdata__ZTVN8touchgfx3HALE)
 <LI><a href="#[b4]">touchgfx::HAL::taskEntry()</a> from hal.o(i._ZN8touchgfx3HAL9taskEntryEv) referenced from stm32f7hal.o(.constdata__ZTV10STM32F7HAL)
 <LI><a href="#[b4]">touchgfx::HAL::taskEntry()</a> from hal.o(i._ZN8touchgfx3HAL9taskEntryEv) referenced from hal.o(.constdata__ZTVN8touchgfx3HALE)
 <LI><a href="#[a]">touchgfx::LCD::drawStringLTR(const touchgfx::Rect&, const touchgfx::Rect&, const touchgfx::LCD::StringVisuals&, const unsigned short*, std::__va_list)</a> from lcd.o(i._ZN8touchgfx3LCD13drawStringLTRERKNS_4RectES3_RKNS0_13StringVisualsEPKtSt9__va_list) referenced 2 times from texts.o(.data)
 <LI><a href="#[9e]">touchgfx::Rect::Rect()</a> from application.o(i._ZN8touchgfx4RectC1Ev) referenced from application.o(t._ZN8touchgfx6VectorINS_4RectELt8EEC1Ev)
 <LI><a href="#[153]">touchgfx::Image::setBitmap(const touchgfx::Bitmap&)</a> from image.o(i._ZN8touchgfx5Image9setBitmapERKNS_6BitmapE) referenced from image.o(.constdata__ZTVN8touchgfx5ImageE)
 <LI><a href="#[89]">touchgfx::BlitOp::BlitOp()</a> from stm32f7dma.o(i._ZN8touchgfx6BlitOpC1Ev) referenced from stm32f7dma.o(i._ZN10STM32F7DMAC1Ev)
 <LI><a href="#[123]">touchgfx::Button::setBitmaps(const touchgfx::Bitmap&, const touchgfx::Bitmap&)</a> from button.o(i._ZN8touchgfx6Button10setBitmapsERKNS_6BitmapES3_) referenced from repeatbutton.o(.constdata__ZTVN8touchgfx12RepeatButtonE)
 <LI><a href="#[123]">touchgfx::Button::setBitmaps(const touchgfx::Bitmap&, const touchgfx::Bitmap&)</a> from button.o(i._ZN8touchgfx6Button10setBitmapsERKNS_6BitmapES3_) referenced from button.o(.constdata__ZTVN8touchgfx6ButtonE)
 <LI><a href="#[155]">touchgfx::Canvas::~Canvas()</a> from canvas.o(i._ZN8touchgfx6CanvasD1Ev) referenced from canvas.o(.constdata__ZTVN8touchgfx6CanvasE)
 <LI><a href="#[157]">touchgfx::Screen::setupScreen()</a> from screen.o(i._ZN8touchgfx6Screen11setupScreenEv) referenced from screen.o(.constdata__ZTVN8touchgfx6ScreenE)
 <LI><a href="#[107]">touchgfx::Screen::handleKeyEvent(unsigned char)</a> from mainview.o(i._ZN8touchgfx6Screen14handleKeyEventEh) referenced from mainview.o(.constdata__ZTV8MainView)
 <LI><a href="#[107]">touchgfx::Screen::handleKeyEvent(unsigned char)</a> from mainview.o(i._ZN8touchgfx6Screen14handleKeyEventEh) referenced from screen.o(.constdata__ZTVN8touchgfx6ScreenE)
 <LI><a href="#[158]">touchgfx::Screen::tearDownScreen()</a> from screen.o(i._ZN8touchgfx6Screen14tearDownScreenEv) referenced from screen.o(.constdata__ZTVN8touchgfx6ScreenE)
 <LI><a href="#[101]">touchgfx::Screen::afterTransition()</a> from mainview.o(i._ZN8touchgfx6Screen15afterTransitionEv) referenced from mainview.o(.constdata__ZTV8MainView)
 <LI><a href="#[101]">touchgfx::Screen::afterTransition()</a> from mainview.o(i._ZN8touchgfx6Screen15afterTransitionEv) referenced from screen.o(.constdata__ZTVN8touchgfx6ScreenE)
 <LI><a href="#[104]">touchgfx::Screen::handleDragEvent(const touchgfx::DragEvent&)</a> from screen.o(i._ZN8touchgfx6Screen15handleDragEventERKNS_9DragEventE) referenced from mainview.o(.constdata__ZTV8MainView)
 <LI><a href="#[104]">touchgfx::Screen::handleDragEvent(const touchgfx::DragEvent&)</a> from screen.o(i._ZN8touchgfx6Screen15handleDragEventERKNS_9DragEventE) referenced from screen.o(.constdata__ZTVN8touchgfx6ScreenE)
 <LI><a href="#[159]">touchgfx::Screen::handleTickEvent()</a> from screen.o(i._ZN8touchgfx6Screen15handleTickEventEv) referenced from screen.o(.constdata__ZTVN8touchgfx6ScreenE)
 <LI><a href="#[103]">touchgfx::Screen::handleClickEvent(const touchgfx::ClickEvent&)</a> from screen.o(i._ZN8touchgfx6Screen16handleClickEventERKNS_10ClickEventE) referenced from mainview.o(.constdata__ZTV8MainView)
 <LI><a href="#[103]">touchgfx::Screen::handleClickEvent(const touchgfx::ClickEvent&)</a> from screen.o(i._ZN8touchgfx6Screen16handleClickEventERKNS_10ClickEventE) referenced from screen.o(.constdata__ZTVN8touchgfx6ScreenE)
 <LI><a href="#[105]">touchgfx::Screen::handleGestureEvent(const touchgfx::GestureEvent&)</a> from screen.o(i._ZN8touchgfx6Screen18handleGestureEventERKNS_12GestureEventE) referenced from mainview.o(.constdata__ZTV8MainView)
 <LI><a href="#[105]">touchgfx::Screen::handleGestureEvent(const touchgfx::GestureEvent&)</a> from screen.o(i._ZN8touchgfx6Screen18handleGestureEventERKNS_12GestureEventE) referenced from screen.o(.constdata__ZTVN8touchgfx6ScreenE)
 <LI><a href="#[ff]">touchgfx::Screen::draw(touchgfx::Rect&)</a> from screen.o(i._ZN8touchgfx6Screen4drawERNS_4RectE) referenced from mainview.o(.constdata__ZTV8MainView)
 <LI><a href="#[ff]">touchgfx::Screen::draw(touchgfx::Rect&)</a> from screen.o(i._ZN8touchgfx6Screen4drawERNS_4RectE) referenced from screen.o(.constdata__ZTVN8touchgfx6ScreenE)
 <LI><a href="#[156]">touchgfx::Screen::~Screen()</a> from screen.o(i._ZN8touchgfx6ScreenD1Ev) referenced from screen.o(.constdata__ZTVN8touchgfx6ScreenE)
 <LI><a href="#[f9]">touchgfx::Widget::getLastChild(short, short, touchgfx::Drawable**)</a> from channelcontrolpanel.o(i._ZN8touchgfx6Widget12getLastChildEssPPNS_8DrawableE) referenced from graph.o(.constdata__ZTV5Graph)
 <LI><a href="#[f9]">touchgfx::Widget::getLastChild(short, short, touchgfx::Drawable**)</a> from channelcontrolpanel.o(i._ZN8touchgfx6Widget12getLastChildEssPPNS_8DrawableE) referenced from canvaswidget.o(.constdata__ZTVN8touchgfx12CanvasWidgetE)
 <LI><a href="#[f9]">touchgfx::Widget::getLastChild(short, short, touchgfx::Drawable**)</a> from channelcontrolpanel.o(i._ZN8touchgfx6Widget12getLastChildEssPPNS_8DrawableE) referenced from channelcontrolpanel.o(.constdata__ZTVN8touchgfx12MoveAnimatorINS_8TextAreaEEE)
 <LI><a href="#[f9]">touchgfx::Widget::getLastChild(short, short, touchgfx::Drawable**)</a> from channelcontrolpanel.o(i._ZN8touchgfx6Widget12getLastChildEssPPNS_8DrawableE) referenced from repeatbutton.o(.constdata__ZTVN8touchgfx12RepeatButtonE)
 <LI><a href="#[f9]">touchgfx::Widget::getLastChild(short, short, touchgfx::Drawable**)</a> from channelcontrolpanel.o(i._ZN8touchgfx6Widget12getLastChildEssPPNS_8DrawableE) referenced from togglebutton.o(.constdata__ZTVN8touchgfx12ToggleButtonE)
 <LI><a href="#[f9]">touchgfx::Widget::getLastChild(short, short, touchgfx::Drawable**)</a> from channelcontrolpanel.o(i._ZN8touchgfx6Widget12getLastChildEssPPNS_8DrawableE) referenced from frontendapplication.o(.constdata__ZTVN8touchgfx23TextAreaWithOneWildcardE)
 <LI><a href="#[f9]">touchgfx::Widget::getLastChild(short, short, touchgfx::Drawable**)</a> from channelcontrolpanel.o(i._ZN8touchgfx6Widget12getLastChildEssPPNS_8DrawableE) referenced from box.o(.constdata__ZTVN8touchgfx3BoxE)
 <LI><a href="#[f9]">touchgfx::Widget::getLastChild(short, short, touchgfx::Drawable**)</a> from channelcontrolpanel.o(i._ZN8touchgfx6Widget12getLastChildEssPPNS_8DrawableE) referenced from line.o(.constdata__ZTVN8touchgfx4LineE)
 <LI><a href="#[f9]">touchgfx::Widget::getLastChild(short, short, touchgfx::Drawable**)</a> from channelcontrolpanel.o(i._ZN8touchgfx6Widget12getLastChildEssPPNS_8DrawableE) referenced from image.o(.constdata__ZTVN8touchgfx5ImageE)
 <LI><a href="#[f9]">touchgfx::Widget::getLastChild(short, short, touchgfx::Drawable**)</a> from channelcontrolpanel.o(i._ZN8touchgfx6Widget12getLastChildEssPPNS_8DrawableE) referenced from button.o(.constdata__ZTVN8touchgfx6ButtonE)
 <LI><a href="#[f9]">touchgfx::Widget::getLastChild(short, short, touchgfx::Drawable**)</a> from channelcontrolpanel.o(i._ZN8touchgfx6Widget12getLastChildEssPPNS_8DrawableE) referenced from channelcontrolpanel.o(.constdata__ZTVN8touchgfx6WidgetE)
 <LI><a href="#[f9]">touchgfx::Widget::getLastChild(short, short, touchgfx::Drawable**)</a> from channelcontrolpanel.o(i._ZN8touchgfx6Widget12getLastChildEssPPNS_8DrawableE) referenced from marker.o(.constdata__ZTVN8touchgfx7SnapperINS_4LineEEE)
 <LI><a href="#[f9]">touchgfx::Widget::getLastChild(short, short, touchgfx::Drawable**)</a> from channelcontrolpanel.o(i._ZN8touchgfx6Widget12getLastChildEssPPNS_8DrawableE) referenced from textarea.o(.constdata__ZTVN8touchgfx8TextAreaE)
 <LI><a href="#[91]">touchgfx::CWRUtil::Q5::Q5()</a> from line.o(i._ZN8touchgfx7CWRUtil2Q5C1Ev) referenced from line.o(i._ZN8touchgfx4LineC1Ev)
 <LI><a href="#[15a]">touchgfx::Outline::~Outline()</a> from outline.o(i._ZN8touchgfx7OutlineD1Ev) referenced from outline.o(.constdata__ZTVN8touchgfx7OutlineE)
 <LI><a href="#[15c]">touchgfx::Snapper&lang;touchgfx::Line&rang;::handleDragEvent(const touchgfx::DragEvent&)</a> from marker.o(t._ZN8touchgfx7SnapperINS_4LineEE15handleDragEventERKNS_9DragEventE) referenced from marker.o(.constdata__ZTVN8touchgfx7SnapperINS_4LineEEE)
 <LI><a href="#[15b]">touchgfx::Snapper&lang;touchgfx::Line&rang;::handleClickEvent(const touchgfx::ClickEvent&)</a> from marker.o(t._ZN8touchgfx7SnapperINS_4LineEE16handleClickEventERKNS_10ClickEventE) referenced from marker.o(.constdata__ZTVN8touchgfx7SnapperINS_4LineEEE)
 <LI><a href="#[15d]">touchgfx::Callback&lang;TriggerLine, const touchgfx::DragEvent&, void&rang;::execute(const touchgfx::DragEvent&)</a> from triggerline.o(t._ZN8touchgfx8CallbackI11TriggerLineRKNS_9DragEventEvE7executeES4_) referenced from triggerline.o(.constdata__ZTVN8touchgfx8CallbackI11TriggerLineRKNS_9DragEventEvEE)
 <LI><a href="#[15f]">touchgfx::Callback&lang;ChannelControlPanel, const touchgfx::AbstractButton&, void&rang;::execute(const touchgfx::AbstractButton&)</a> from channelcontrolpanel.o(t._ZN8touchgfx8CallbackI19ChannelControlPanelRKNS_14AbstractButtonEvE7executeES4_) referenced from channelcontrolpanel.o(.constdata__ZTVN8touchgfx8CallbackI19ChannelControlPanelRKNS_14AbstractButtonEvEE)
 <LI><a href="#[161]">touchgfx::Callback&lang;FrontendApplication, void, void&rang;::execute()</a> from frontendapplication.o(t._ZN8touchgfx8CallbackI19FrontendApplicationvvE7executeEv) referenced from frontendapplication.o(.constdata__ZTVN8touchgfx8CallbackI19FrontendApplicationvvEE)
 <LI><a href="#[163]">touchgfx::Callback&lang;Marker, const touchgfx::DragEvent&, void&rang;::execute(const touchgfx::DragEvent&)</a> from marker.o(t._ZN8touchgfx8CallbackI6MarkerRKNS_9DragEventEvE7executeES4_) referenced from marker.o(.constdata__ZTVN8touchgfx8CallbackI6MarkerRKNS_9DragEventEvEE)
 <LI><a href="#[165]">touchgfx::Callback&lang;MainView, const touchgfx::AbstractButton&, void&rang;::execute(const touchgfx::AbstractButton&)</a> from frontendapplication.o(t._ZN8touchgfx8CallbackI8MainViewRKNS_14AbstractButtonEvE7executeES4_) referenced from frontendapplication.o(.constdata__ZTVN8touchgfx8CallbackI8MainViewRKNS_14AbstractButtonEvEE)
 <LI><a href="#[167]">touchgfx::Callback&lang;touchgfx::SlideMenu, const touchgfx::MoveAnimator&lang;touchgfx::Container&rang;&, void&rang;::execute(const touchgfx::MoveAnimator&lang;touchgfx::Container&rang;&)</a> from slidemenu.o(t._ZN8touchgfx8CallbackINS_9SlideMenuERKNS_12MoveAnimatorINS_9ContainerEEEvE7executeES6_) referenced from slidemenu.o(.constdata__ZTVN8touchgfx8CallbackINS_9SlideMenuERKNS_12MoveAnimatorINS_9ContainerEEEvEE)
 <LI><a href="#[169]">touchgfx::Callback&lang;touchgfx::SlideMenu, const touchgfx::AbstractButton&, void&rang;::execute(const touchgfx::AbstractButton&)</a> from slidemenu.o(t._ZN8touchgfx8CallbackINS_9SlideMenuERKNS_14AbstractButtonEvE7executeES4_) referenced from slidemenu.o(.constdata__ZTVN8touchgfx8CallbackINS_9SlideMenuERKNS_14AbstractButtonEvEE)
 <LI><a href="#[da]">touchgfx::Drawable::setPosition(short, short, short, short)</a> from channelcontrolpanel.o(i._ZN8touchgfx8Drawable11setPositionEssss) referenced from triggerline.o(.constdata__ZTV11TriggerLine)
 <LI><a href="#[da]">touchgfx::Drawable::setPosition(short, short, short, short)</a> from channelcontrolpanel.o(i._ZN8touchgfx8Drawable11setPositionEssss) referenced from channelcontrolpanel.o(.constdata__ZTV19ChannelControlPanel)
 <LI><a href="#[da]">touchgfx::Drawable::setPosition(short, short, short, short)</a> from channelcontrolpanel.o(i._ZN8touchgfx8Drawable11setPositionEssss) referenced from marker.o(.constdata__ZTV6Marker)
 <LI><a href="#[da]">touchgfx::Drawable::setPosition(short, short, short, short)</a> from channelcontrolpanel.o(i._ZN8touchgfx8Drawable11setPositionEssss) referenced from canvaswidget.o(.constdata__ZTVN8touchgfx12CanvasWidgetE)
 <LI><a href="#[da]">touchgfx::Drawable::setPosition(short, short, short, short)</a> from channelcontrolpanel.o(i._ZN8touchgfx8Drawable11setPositionEssss) referenced from frontendapplication.o(.constdata__ZTVN8touchgfx12MoveAnimatorI19ChannelControlPanelEE)
 <LI><a href="#[da]">touchgfx::Drawable::setPosition(short, short, short, short)</a> from channelcontrolpanel.o(i._ZN8touchgfx8Drawable11setPositionEssss) referenced from channelcontrolpanel.o(.constdata__ZTVN8touchgfx12MoveAnimatorINS_8TextAreaEEE)
 <LI><a href="#[da]">touchgfx::Drawable::setPosition(short, short, short, short)</a> from channelcontrolpanel.o(i._ZN8touchgfx8Drawable11setPositionEssss) referenced from slidemenu.o(.constdata__ZTVN8touchgfx12MoveAnimatorINS_9ContainerEEE)
 <LI><a href="#[da]">touchgfx::Drawable::setPosition(short, short, short, short)</a> from channelcontrolpanel.o(i._ZN8touchgfx8Drawable11setPositionEssss) referenced from repeatbutton.o(.constdata__ZTVN8touchgfx12RepeatButtonE)
 <LI><a href="#[da]">touchgfx::Drawable::setPosition(short, short, short, short)</a> from channelcontrolpanel.o(i._ZN8touchgfx8Drawable11setPositionEssss) referenced from togglebutton.o(.constdata__ZTVN8touchgfx12ToggleButtonE)
 <LI><a href="#[da]">touchgfx::Drawable::setPosition(short, short, short, short)</a> from channelcontrolpanel.o(i._ZN8touchgfx8Drawable11setPositionEssss) referenced from scrollablecontainer.o(.constdata__ZTVN8touchgfx19ScrollableContainerE)
 <LI><a href="#[da]">touchgfx::Drawable::setPosition(short, short, short, short)</a> from channelcontrolpanel.o(i._ZN8touchgfx8Drawable11setPositionEssss) referenced from frontendapplication.o(.constdata__ZTVN8touchgfx23TextAreaWithOneWildcardE)
 <LI><a href="#[da]">touchgfx::Drawable::setPosition(short, short, short, short)</a> from channelcontrolpanel.o(i._ZN8touchgfx8Drawable11setPositionEssss) referenced from box.o(.constdata__ZTVN8touchgfx3BoxE)
 <LI><a href="#[da]">touchgfx::Drawable::setPosition(short, short, short, short)</a> from channelcontrolpanel.o(i._ZN8touchgfx8Drawable11setPositionEssss) referenced from line.o(.constdata__ZTVN8touchgfx4LineE)
 <LI><a href="#[da]">touchgfx::Drawable::setPosition(short, short, short, short)</a> from channelcontrolpanel.o(i._ZN8touchgfx8Drawable11setPositionEssss) referenced from image.o(.constdata__ZTVN8touchgfx5ImageE)
 <LI><a href="#[da]">touchgfx::Drawable::setPosition(short, short, short, short)</a> from channelcontrolpanel.o(i._ZN8touchgfx8Drawable11setPositionEssss) referenced from button.o(.constdata__ZTVN8touchgfx6ButtonE)
 <LI><a href="#[da]">touchgfx::Drawable::setPosition(short, short, short, short)</a> from channelcontrolpanel.o(i._ZN8touchgfx8Drawable11setPositionEssss) referenced from channelcontrolpanel.o(.constdata__ZTVN8touchgfx6WidgetE)
 <LI><a href="#[da]">touchgfx::Drawable::setPosition(short, short, short, short)</a> from channelcontrolpanel.o(i._ZN8touchgfx8Drawable11setPositionEssss) referenced from marker.o(.constdata__ZTVN8touchgfx7SnapperINS_4LineEEE)
 <LI><a href="#[da]">touchgfx::Drawable::setPosition(short, short, short, short)</a> from channelcontrolpanel.o(i._ZN8touchgfx8Drawable11setPositionEssss) referenced from drawable.o(.constdata__ZTVN8touchgfx8DrawableE)
 <LI><a href="#[da]">touchgfx::Drawable::setPosition(short, short, short, short)</a> from channelcontrolpanel.o(i._ZN8touchgfx8Drawable11setPositionEssss) referenced from textarea.o(.constdata__ZTVN8touchgfx8TextAreaE)
 <LI><a href="#[da]">touchgfx::Drawable::setPosition(short, short, short, short)</a> from channelcontrolpanel.o(i._ZN8touchgfx8Drawable11setPositionEssss) referenced from container.o(.constdata__ZTVN8touchgfx9ContainerE)
 <LI><a href="#[da]">touchgfx::Drawable::setPosition(short, short, short, short)</a> from channelcontrolpanel.o(i._ZN8touchgfx8Drawable11setPositionEssss) referenced from slidemenu.o(.constdata__ZTVN8touchgfx9SlideMenuE)
 <LI><a href="#[e4]">touchgfx::Drawable::moveRelative(short, short)</a> from drawable.o(i._ZN8touchgfx8Drawable12moveRelativeEss) referenced from triggerline.o(.constdata__ZTV11TriggerLine)
 <LI><a href="#[e4]">touchgfx::Drawable::moveRelative(short, short)</a> from drawable.o(i._ZN8touchgfx8Drawable12moveRelativeEss) referenced from channelcontrolpanel.o(.constdata__ZTV19ChannelControlPanel)
 <LI><a href="#[e4]">touchgfx::Drawable::moveRelative(short, short)</a> from drawable.o(i._ZN8touchgfx8Drawable12moveRelativeEss) referenced from graph.o(.constdata__ZTV5Graph)
 <LI><a href="#[e4]">touchgfx::Drawable::moveRelative(short, short)</a> from drawable.o(i._ZN8touchgfx8Drawable12moveRelativeEss) referenced from marker.o(.constdata__ZTV6Marker)
 <LI><a href="#[e4]">touchgfx::Drawable::moveRelative(short, short)</a> from drawable.o(i._ZN8touchgfx8Drawable12moveRelativeEss) referenced from canvaswidget.o(.constdata__ZTVN8touchgfx12CanvasWidgetE)
 <LI><a href="#[e4]">touchgfx::Drawable::moveRelative(short, short)</a> from drawable.o(i._ZN8touchgfx8Drawable12moveRelativeEss) referenced from frontendapplication.o(.constdata__ZTVN8touchgfx12MoveAnimatorI19ChannelControlPanelEE)
 <LI><a href="#[e4]">touchgfx::Drawable::moveRelative(short, short)</a> from drawable.o(i._ZN8touchgfx8Drawable12moveRelativeEss) referenced from channelcontrolpanel.o(.constdata__ZTVN8touchgfx12MoveAnimatorINS_8TextAreaEEE)
 <LI><a href="#[e4]">touchgfx::Drawable::moveRelative(short, short)</a> from drawable.o(i._ZN8touchgfx8Drawable12moveRelativeEss) referenced from slidemenu.o(.constdata__ZTVN8touchgfx12MoveAnimatorINS_9ContainerEEE)
 <LI><a href="#[e4]">touchgfx::Drawable::moveRelative(short, short)</a> from drawable.o(i._ZN8touchgfx8Drawable12moveRelativeEss) referenced from repeatbutton.o(.constdata__ZTVN8touchgfx12RepeatButtonE)
 <LI><a href="#[e4]">touchgfx::Drawable::moveRelative(short, short)</a> from drawable.o(i._ZN8touchgfx8Drawable12moveRelativeEss) referenced from togglebutton.o(.constdata__ZTVN8touchgfx12ToggleButtonE)
 <LI><a href="#[e4]">touchgfx::Drawable::moveRelative(short, short)</a> from drawable.o(i._ZN8touchgfx8Drawable12moveRelativeEss) referenced from scrollablecontainer.o(.constdata__ZTVN8touchgfx19ScrollableContainerE)
 <LI><a href="#[e4]">touchgfx::Drawable::moveRelative(short, short)</a> from drawable.o(i._ZN8touchgfx8Drawable12moveRelativeEss) referenced from frontendapplication.o(.constdata__ZTVN8touchgfx23TextAreaWithOneWildcardE)
 <LI><a href="#[e4]">touchgfx::Drawable::moveRelative(short, short)</a> from drawable.o(i._ZN8touchgfx8Drawable12moveRelativeEss) referenced from box.o(.constdata__ZTVN8touchgfx3BoxE)
 <LI><a href="#[e4]">touchgfx::Drawable::moveRelative(short, short)</a> from drawable.o(i._ZN8touchgfx8Drawable12moveRelativeEss) referenced from line.o(.constdata__ZTVN8touchgfx4LineE)
 <LI><a href="#[e4]">touchgfx::Drawable::moveRelative(short, short)</a> from drawable.o(i._ZN8touchgfx8Drawable12moveRelativeEss) referenced from image.o(.constdata__ZTVN8touchgfx5ImageE)
 <LI><a href="#[e4]">touchgfx::Drawable::moveRelative(short, short)</a> from drawable.o(i._ZN8touchgfx8Drawable12moveRelativeEss) referenced from button.o(.constdata__ZTVN8touchgfx6ButtonE)
 <LI><a href="#[e4]">touchgfx::Drawable::moveRelative(short, short)</a> from drawable.o(i._ZN8touchgfx8Drawable12moveRelativeEss) referenced from channelcontrolpanel.o(.constdata__ZTVN8touchgfx6WidgetE)
 <LI><a href="#[e4]">touchgfx::Drawable::moveRelative(short, short)</a> from drawable.o(i._ZN8touchgfx8Drawable12moveRelativeEss) referenced from marker.o(.constdata__ZTVN8touchgfx7SnapperINS_4LineEEE)
 <LI><a href="#[e4]">touchgfx::Drawable::moveRelative(short, short)</a> from drawable.o(i._ZN8touchgfx8Drawable12moveRelativeEss) referenced from drawable.o(.constdata__ZTVN8touchgfx8DrawableE)
 <LI><a href="#[e4]">touchgfx::Drawable::moveRelative(short, short)</a> from drawable.o(i._ZN8touchgfx8Drawable12moveRelativeEss) referenced from textarea.o(.constdata__ZTVN8touchgfx8TextAreaE)
 <LI><a href="#[e4]">touchgfx::Drawable::moveRelative(short, short)</a> from drawable.o(i._ZN8touchgfx8Drawable12moveRelativeEss) referenced from container.o(.constdata__ZTVN8touchgfx9ContainerE)
 <LI><a href="#[e4]">touchgfx::Drawable::moveRelative(short, short)</a> from drawable.o(i._ZN8touchgfx8Drawable12moveRelativeEss) referenced from slidemenu.o(.constdata__ZTVN8touchgfx9SlideMenuE)
 <LI><a href="#[fc]">touchgfx::Drawable::setupDrawChain(const touchgfx::Rect&, touchgfx::Drawable**)</a> from channelcontrolpanel.o(i._ZN8touchgfx8Drawable14setupDrawChainERKNS_4RectEPPS0_) referenced from graph.o(.constdata__ZTV5Graph)
 <LI><a href="#[fc]">touchgfx::Drawable::setupDrawChain(const touchgfx::Rect&, touchgfx::Drawable**)</a> from channelcontrolpanel.o(i._ZN8touchgfx8Drawable14setupDrawChainERKNS_4RectEPPS0_) referenced from canvaswidget.o(.constdata__ZTVN8touchgfx12CanvasWidgetE)
 <LI><a href="#[fc]">touchgfx::Drawable::setupDrawChain(const touchgfx::Rect&, touchgfx::Drawable**)</a> from channelcontrolpanel.o(i._ZN8touchgfx8Drawable14setupDrawChainERKNS_4RectEPPS0_) referenced from channelcontrolpanel.o(.constdata__ZTVN8touchgfx12MoveAnimatorINS_8TextAreaEEE)
 <LI><a href="#[fc]">touchgfx::Drawable::setupDrawChain(const touchgfx::Rect&, touchgfx::Drawable**)</a> from channelcontrolpanel.o(i._ZN8touchgfx8Drawable14setupDrawChainERKNS_4RectEPPS0_) referenced from repeatbutton.o(.constdata__ZTVN8touchgfx12RepeatButtonE)
 <LI><a href="#[fc]">touchgfx::Drawable::setupDrawChain(const touchgfx::Rect&, touchgfx::Drawable**)</a> from channelcontrolpanel.o(i._ZN8touchgfx8Drawable14setupDrawChainERKNS_4RectEPPS0_) referenced from togglebutton.o(.constdata__ZTVN8touchgfx12ToggleButtonE)
 <LI><a href="#[fc]">touchgfx::Drawable::setupDrawChain(const touchgfx::Rect&, touchgfx::Drawable**)</a> from channelcontrolpanel.o(i._ZN8touchgfx8Drawable14setupDrawChainERKNS_4RectEPPS0_) referenced from frontendapplication.o(.constdata__ZTVN8touchgfx23TextAreaWithOneWildcardE)
 <LI><a href="#[fc]">touchgfx::Drawable::setupDrawChain(const touchgfx::Rect&, touchgfx::Drawable**)</a> from channelcontrolpanel.o(i._ZN8touchgfx8Drawable14setupDrawChainERKNS_4RectEPPS0_) referenced from box.o(.constdata__ZTVN8touchgfx3BoxE)
 <LI><a href="#[fc]">touchgfx::Drawable::setupDrawChain(const touchgfx::Rect&, touchgfx::Drawable**)</a> from channelcontrolpanel.o(i._ZN8touchgfx8Drawable14setupDrawChainERKNS_4RectEPPS0_) referenced from line.o(.constdata__ZTVN8touchgfx4LineE)
 <LI><a href="#[fc]">touchgfx::Drawable::setupDrawChain(const touchgfx::Rect&, touchgfx::Drawable**)</a> from channelcontrolpanel.o(i._ZN8touchgfx8Drawable14setupDrawChainERKNS_4RectEPPS0_) referenced from image.o(.constdata__ZTVN8touchgfx5ImageE)
 <LI><a href="#[fc]">touchgfx::Drawable::setupDrawChain(const touchgfx::Rect&, touchgfx::Drawable**)</a> from channelcontrolpanel.o(i._ZN8touchgfx8Drawable14setupDrawChainERKNS_4RectEPPS0_) referenced from button.o(.constdata__ZTVN8touchgfx6ButtonE)
[...]
<BR><BR>[Stack]<UL><LI>Max Depth = 244<LI>Call Chain = QSPI_DummyCyclesCfg &rArr; QSPI_WriteEnable &rArr; HAL_QSPI_Command &rArr; QSPI_Config
</UL>
<BR>[Calls]<UL><LI><a href="#[1f7]">&gt;&gt;</a>&nbsp;&nbsp;&nbsp;HAL_QSPI_Transmit
<LI><a href="#[1f6]">&gt;&gt;</a>&nbsp;&nbsp;&nbsp;HAL_QSPI_Receive
<LI><a href="#[1f3]">&gt;&gt;</a>&nbsp;&nbsp;&nbsp;HAL_QSPI_Command
<LI><a href="#[228]">&gt;&gt;</a>&nbsp;&nbsp;&nbsp;QSPI_WriteEnable
</UL>
<BR>[Called By]<UL><LI><a href="#[1ab]">&gt;&gt;</a>&nbsp;&nbsp;&nbsp;BSP_QSPI_Init
</UL>

<P><STRONG><a name="[1af]"></a>QSPI_ResetMemory</STRONG> (Thumb, 82 bytes, Stack size 72 bytes, stm32746g_discovery_qspi.o(i.QSPI_ResetMemory))
<BR><BR>[Stack]<UL><LI>Max Depth = 236<LI>Call Chain = QSPI_ResetMemory &rArr; QSPI_AutoPollingMemReady &rArr; HAL_QSPI_AutoPolling &rArr; QSPI_Config
</UL>
<BR>[Calls]<UL><LI><a href="#[1f3]">&gt;&gt;</a>&nbsp;&nbsp;&nbsp;HAL_QSPI_Command
<LI><a href="#[227]">&gt;&gt;</a>&nbsp;&nbsp;&nbsp;QSPI_AutoPollingMemReady
</UL>
<BR>[Called By]<UL><LI><a href="#[1ab]">&gt;&gt;</a>&nbsp;&nbsp;&nbsp;BSP_QSPI_Init
</UL>

<P><STRONG><a name="[228]"></a>QSPI_WriteEnable</STRONG> (Thumb, 102 bytes, Stack size 104 bytes, stm32746g_discovery_qspi.o(i.QSPI_WriteEnable))
<BR><BR>[Stack]<UL><LI>Max Depth = 172<LI>Call Chain = QSPI_WriteEnable &rArr; HAL_QSPI_Command &rArr; QSPI_Config
</UL>
<BR>[Calls]<UL><LI><a href="#[1f3]">&gt;&gt;</a>&nbsp;&nbsp;&nbsp;HAL_QSPI_Command
<LI><a href="#[1f1]">&gt;&gt;</a>&nbsp;&nbsp;&nbsp;HAL_QSPI_AutoPolling
</UL>
<BR>[Called By]<UL><LI><a href="#[1b0]">&gt;&gt;</a>&nbsp;&nbsp;&nbsp;QSPI_DummyCyclesCfg
</UL>

<P><STRONG><a name="[231]"></a>MX_ADC1_Init()</STRONG> (Thumb, 72 bytes, Stack size 32 bytes, main.o(i._Z12MX_ADC1_Initv))
<BR><BR>[Stack]<UL><LI>Max Depth = 144<LI>Call Chain = MX_ADC1_Init() &rArr; HAL_ADC_Init &rArr; HAL_ADC_MspInit &rArr; HAL_DMA_Init &rArr; DMA_CheckFifoParam
</UL>
<BR>[Calls]<UL><LI><a href="#[1c4]">&gt;&gt;</a>&nbsp;&nbsp;&nbsp;HAL_ADC_Init
<LI><a href="#[232]">&gt;&gt;</a>&nbsp;&nbsp;&nbsp;HAL_ADC_ConfigChannel
</UL>
<BR>[Called By]<UL><LI><a href="#[82]">&gt;&gt;</a>&nbsp;&nbsp;&nbsp;main
</UL>

<P><STRONG><a name="[233]"></a>MX_ADC3_Init()</STRONG> (Thumb, 74 bytes, Stack size 32 bytes, main.o(i._Z12MX_ADC3_Initv))
<BR><BR>[Stack]<UL><LI>Max Depth = 144<LI>Call Chain = MX_ADC3_Init() &rArr; HAL_ADC_Init &rArr; HAL_ADC_MspInit &rArr; HAL_DMA_Init &rArr; DMA_CheckFifoParam
</UL>
<BR>[Calls]<UL><LI><a href="#[1c4]">&gt;&gt;</a>&nbsp;&nbsp;&nbsp;HAL_ADC_Init
<LI><a href="#[232]">&gt;&gt;</a>&nbsp;&nbsp;&nbsp;HAL_ADC_ConfigChannel
</UL>
<BR>[Called By]<UL><LI><a href="#[82]">&gt;&gt;</a>&nbsp;&nbsp;&nbsp;main
</UL>

<P><STRONG><a name="[234]"></a>MX_GPIO_Init()</STRONG> (Thumb, 158 bytes, Stack size 40 bytes, main.o(i._Z12MX_GPIO_Initv))
<BR><BR>[Stack]<UL><LI>Max Depth = 80<LI>Call Chain = MX_GPIO_Init() &rArr; HAL_GPIO_Init
</UL>
<BR>[Calls]<UL><LI><a href="#[1b1]">&gt;&gt;</a>&nbsp;&nbsp;&nbsp;HAL_NVIC_SetPriority
<LI><a href="#[1b2]">&gt;&gt;</a>&nbsp;&nbsp;&nbsp;HAL_NVIC_EnableIRQ
<LI><a href="#[19d]">&gt;&gt;</a>&nbsp;&nbsp;&nbsp;HAL_GPIO_WritePin
<LI><a href="#[1a3]">&gt;&gt;</a>&nbsp;&nbsp;&nbsp;HAL_GPIO_Init
</UL>
<BR>[Called By]<UL><LI><a href="#[82]">&gt;&gt;</a>&nbsp;&nbsp;&nbsp;main
</UL>

<P><STRONG><a name="[235]"></a>MX_TIM2_Init()</STRONG> (Thumb, 82 bytes, Stack size 48 bytes, main.o(i._Z12MX_TIM2_Initv))
<BR><BR>[Stack]<UL><LI>Max Depth = 84<LI>Call Chain = MX_TIM2_Init() &rArr; HAL_TIM_OC_ConfigChannel &rArr; TIM_OC4_SetConfig
</UL>
<BR>[Calls]<UL><LI><a href="#[20e]">&gt;&gt;</a>&nbsp;&nbsp;&nbsp;HAL_TIM_OC_Init
<LI><a href="#[236]">&gt;&gt;</a>&nbsp;&nbsp;&nbsp;HAL_TIMEx_MasterConfigSynchronization
<LI><a href="#[207]">&gt;&gt;</a>&nbsp;&nbsp;&nbsp;HAL_TIM_OC_ConfigChannel
</UL>
<BR>[Called By]<UL><LI><a href="#[82]">&gt;&gt;</a>&nbsp;&nbsp;&nbsp;main
</UL>

<P><STRONG><a name="[237]"></a>MX_TIM4_Init()</STRONG> (Thumb, 108 bytes, Stack size 64 bytes, main.o(i._Z12MX_TIM4_Initv))
<BR><BR>[Stack]<UL><LI>Max Depth = 100<LI>Call Chain = MX_TIM4_Init() &rArr; HAL_TIM_OC_ConfigChannel &rArr; TIM_OC4_SetConfig
</UL>
<BR>[Calls]<UL><LI><a href="#[1ff]">&gt;&gt;</a>&nbsp;&nbsp;&nbsp;HAL_TIM_Base_Init
<LI><a href="#[20e]">&gt;&gt;</a>&nbsp;&nbsp;&nbsp;HAL_TIM_OC_Init
<LI><a href="#[202]">&gt;&gt;</a>&nbsp;&nbsp;&nbsp;HAL_TIM_ConfigClockSource
<LI><a href="#[236]">&gt;&gt;</a>&nbsp;&nbsp;&nbsp;HAL_TIMEx_MasterConfigSynchronization
<LI><a href="#[207]">&gt;&gt;</a>&nbsp;&nbsp;&nbsp;HAL_TIM_OC_ConfigChannel
</UL>
<BR>[Called By]<UL><LI><a href="#[82]">&gt;&gt;</a>&nbsp;&nbsp;&nbsp;main
</UL>

<P><STRONG><a name="[239]"></a>MX_TIM2_Init_Mod(int, int)</STRONG> (Thumb, 84 bytes, Stack size 56 bytes, main.o(i._Z16MX_TIM2_Init_Modii))
<BR><BR>[Stack]<UL><LI>Max Depth = 92<LI>Call Chain = MX_TIM2_Init_Mod(int, int) &rArr; HAL_TIM_OC_ConfigChannel &rArr; TIM_OC4_SetConfig
</UL>
<BR>[Calls]<UL><LI><a href="#[20e]">&gt;&gt;</a>&nbsp;&nbsp;&nbsp;HAL_TIM_OC_Init
<LI><a href="#[236]">&gt;&gt;</a>&nbsp;&nbsp;&nbsp;HAL_TIMEx_MasterConfigSynchronization
<LI><a href="#[207]">&gt;&gt;</a>&nbsp;&nbsp;&nbsp;HAL_TIM_OC_ConfigChannel
</UL>
<BR>[Called By]<UL><LI><a href="#[238]">&gt;&gt;</a>&nbsp;&nbsp;&nbsp;SetTimeScale()
</UL>

<P><STRONG><a name="[23a]"></a>MX_TIM4_Init_Mod(int, int)</STRONG> (Thumb, 110 bytes, Stack size 72 bytes, main.o(i._Z16MX_TIM4_Init_Modii))
<BR><BR>[Stack]<UL><LI>Max Depth = 108<LI>Call Chain = MX_TIM4_Init_Mod(int, int) &rArr; HAL_TIM_OC_ConfigChannel &rArr; TIM_OC4_SetConfig
</UL>
<BR>[Calls]<UL><LI><a href="#[1ff]">&gt;&gt;</a>&nbsp;&nbsp;&nbsp;HAL_TIM_Base_Init
<LI><a href="#[20e]">&gt;&gt;</a>&nbsp;&nbsp;&nbsp;HAL_TIM_OC_Init
<LI><a href="#[202]">&gt;&gt;</a>&nbsp;&nbsp;&nbsp;HAL_TIM_ConfigClockSource
<LI><a href="#[236]">&gt;&gt;</a>&nbsp;&nbsp;&nbsp;HAL_TIMEx_MasterConfigSynchronization
<LI><a href="#[207]">&gt;&gt;</a>&nbsp;&nbsp;&nbsp;HAL_TIM_OC_ConfigChannel
</UL>
<BR>[Called By]<UL><LI><a href="#[238]">&gt;&gt;</a>&nbsp;&nbsp;&nbsp;SetTimeScale()
</UL>

<P><STRONG><a name="[99]"></a>ADCTask(void*)</STRONG> (Thumb, 114 bytes, Stack size 0 bytes, main.o(i._Z7ADCTaskPv))
<BR><BR>[Stack]<UL><LI>Max Depth = 148<LI>Call Chain = ADCTask(void*) &rArr; SetTimeScale() &rArr; MX_TIM4_Init_Mod(int, int) &rArr; HAL_TIM_OC_ConfigChannel &rArr; TIM_OC4_SetConfig
</UL>
<BR>[Calls]<UL><LI><a href="#[241]">&gt;&gt;</a>&nbsp;&nbsp;&nbsp;vTaskDelay
<LI><a href="#[210]">&gt;&gt;</a>&nbsp;&nbsp;&nbsp;HAL_TIM_OC_Start
<LI><a href="#[1c7]">&gt;&gt;</a>&nbsp;&nbsp;&nbsp;HAL_ADC_Start_DMA
<LI><a href="#[238]">&gt;&gt;</a>&nbsp;&nbsp;&nbsp;SetTimeScale()
</UL>
<BR>[Address Reference Count : 1]<UL><LI> main.o(i.main)
</UL>
<P><STRONG><a name="[98]"></a>GUITask(void*)</STRONG> (Thumb, 10 bytes, Stack size 0 bytes, main.o(i._Z7GUITaskPv))
<BR>[Address Reference Count : 1]<UL><LI> main.o(i.main)
</UL>
<P><STRONG><a name="[21a]"></a>I2C_Flush_TXDR</STRONG> (Thumb, 34 bytes, Stack size 0 bytes, stm32f7xx_hal_i2c.o(i.I2C_Flush_TXDR))
<BR><BR>[Called By]<UL><LI><a href="#[219]">&gt;&gt;</a>&nbsp;&nbsp;&nbsp;I2C_IsAcknowledgeFailed
</UL>

<P><STRONG><a name="[219]"></a>I2C_IsAcknowledgeFailed</STRONG> (Thumb, 120 bytes, Stack size 24 bytes, stm32f7xx_hal_i2c.o(i.I2C_IsAcknowledgeFailed))
<BR><BR>[Stack]<UL><LI>Max Depth = 24<LI>Call Chain = I2C_IsAcknowledgeFailed
</UL>
<BR>[Calls]<UL><LI><a href="#[21a]">&gt;&gt;</a>&nbsp;&nbsp;&nbsp;I2C_Flush_TXDR
<LI><a href="#[1c3]">&gt;&gt;</a>&nbsp;&nbsp;&nbsp;HAL_GetTick
</UL>
<BR>[Called By]<UL><LI><a href="#[1e3]">&gt;&gt;</a>&nbsp;&nbsp;&nbsp;I2C_WaitOnTXISFlagUntilTimeout
<LI><a href="#[1e0]">&gt;&gt;</a>&nbsp;&nbsp;&nbsp;I2C_WaitOnSTOPFlagUntilTimeout
</UL>

<P><STRONG><a name="[1de]"></a>I2C_RequestMemoryRead</STRONG> (Thumb, 110 bytes, Stack size 32 bytes, stm32f7xx_hal_i2c.o(i.I2C_RequestMemoryRead))
<BR><BR>[Stack]<UL><LI>Max Depth = 72<LI>Call Chain = I2C_RequestMemoryRead &rArr; I2C_WaitOnTXISFlagUntilTimeout &rArr; I2C_IsAcknowledgeFailed
</UL>
<BR>[Calls]<UL><LI><a href="#[1e3]">&gt;&gt;</a>&nbsp;&nbsp;&nbsp;I2C_WaitOnTXISFlagUntilTimeout
<LI><a href="#[1dd]">&gt;&gt;</a>&nbsp;&nbsp;&nbsp;I2C_WaitOnFlagUntilTimeout
<LI><a href="#[1df]">&gt;&gt;</a>&nbsp;&nbsp;&nbsp;I2C_TransferConfig
</UL>
<BR>[Called By]<UL><LI><a href="#[1dc]">&gt;&gt;</a>&nbsp;&nbsp;&nbsp;HAL_I2C_Mem_Read
</UL>

<P><STRONG><a name="[1e2]"></a>I2C_RequestMemoryWrite</STRONG> (Thumb, 110 bytes, Stack size 32 bytes, stm32f7xx_hal_i2c.o(i.I2C_RequestMemoryWrite))
<BR><BR>[Stack]<UL><LI>Max Depth = 72<LI>Call Chain = I2C_RequestMemoryWrite &rArr; I2C_WaitOnTXISFlagUntilTimeout &rArr; I2C_IsAcknowledgeFailed
</UL>
<BR>[Calls]<UL><LI><a href="#[1e3]">&gt;&gt;</a>&nbsp;&nbsp;&nbsp;I2C_WaitOnTXISFlagUntilTimeout
<LI><a href="#[1dd]">&gt;&gt;</a>&nbsp;&nbsp;&nbsp;I2C_WaitOnFlagUntilTimeout
<LI><a href="#[1df]">&gt;&gt;</a>&nbsp;&nbsp;&nbsp;I2C_TransferConfig
</UL>
<BR>[Called By]<UL><LI><a href="#[1e1]">&gt;&gt;</a>&nbsp;&nbsp;&nbsp;HAL_I2C_Mem_Write
</UL>

<P><STRONG><a name="[1df]"></a>I2C_TransferConfig</STRONG> (Thumb, 30 bytes, Stack size 12 bytes, stm32f7xx_hal_i2c.o(i.I2C_TransferConfig))
<BR><BR>[Stack]<UL><LI>Max Depth = 12<LI>Call Chain = I2C_TransferConfig
</UL>
<BR>[Called By]<UL><LI><a href="#[1e1]">&gt;&gt;</a>&nbsp;&nbsp;&nbsp;HAL_I2C_Mem_Write
<LI><a href="#[1dc]">&gt;&gt;</a>&nbsp;&nbsp;&nbsp;HAL_I2C_Mem_Read
<LI><a href="#[1e2]">&gt;&gt;</a>&nbsp;&nbsp;&nbsp;I2C_RequestMemoryWrite
<LI><a href="#[1de]">&gt;&gt;</a>&nbsp;&nbsp;&nbsp;I2C_RequestMemoryRead
</UL>

<P><STRONG><a name="[1dd]"></a>I2C_WaitOnFlagUntilTimeout</STRONG> (Thumb, 82 bytes, Stack size 24 bytes, stm32f7xx_hal_i2c.o(i.I2C_WaitOnFlagUntilTimeout))
<BR><BR>[Stack]<UL><LI>Max Depth = 24<LI>Call Chain = I2C_WaitOnFlagUntilTimeout
</UL>
<BR>[Calls]<UL><LI><a href="#[1c3]">&gt;&gt;</a>&nbsp;&nbsp;&nbsp;HAL_GetTick
</UL>
<BR>[Called By]<UL><LI><a href="#[1e1]">&gt;&gt;</a>&nbsp;&nbsp;&nbsp;HAL_I2C_Mem_Write
<LI><a href="#[1dc]">&gt;&gt;</a>&nbsp;&nbsp;&nbsp;HAL_I2C_Mem_Read
<LI><a href="#[1e2]">&gt;&gt;</a>&nbsp;&nbsp;&nbsp;I2C_RequestMemoryWrite
<LI><a href="#[1de]">&gt;&gt;</a>&nbsp;&nbsp;&nbsp;I2C_RequestMemoryRead
</UL>

<P><STRONG><a name="[1e0]"></a>I2C_WaitOnSTOPFlagUntilTimeout</STRONG> (Thumb, 80 bytes, Stack size 16 bytes, stm32f7xx_hal_i2c.o(i.I2C_WaitOnSTOPFlagUntilTimeout))
<BR><BR>[Stack]<UL><LI>Max Depth = 40<LI>Call Chain = I2C_WaitOnSTOPFlagUntilTimeout &rArr; I2C_IsAcknowledgeFailed
</UL>
<BR>[Calls]<UL><LI><a href="#[219]">&gt;&gt;</a>&nbsp;&nbsp;&nbsp;I2C_IsAcknowledgeFailed
<LI><a href="#[1c3]">&gt;&gt;</a>&nbsp;&nbsp;&nbsp;HAL_GetTick
</UL>
<BR>[Called By]<UL><LI><a href="#[1e1]">&gt;&gt;</a>&nbsp;&nbsp;&nbsp;HAL_I2C_Mem_Write
<LI><a href="#[1dc]">&gt;&gt;</a>&nbsp;&nbsp;&nbsp;HAL_I2C_Mem_Read
</UL>

<P><STRONG><a name="[1e3]"></a>I2C_WaitOnTXISFlagUntilTimeout</STRONG> (Thumb, 84 bytes, Stack size 16 bytes, stm32f7xx_hal_i2c.o(i.I2C_WaitOnTXISFlagUntilTimeout))
<BR><BR>[Stack]<UL><LI>Max Depth = 40<LI>Call Chain = I2C_WaitOnTXISFlagUntilTimeout &rArr; I2C_IsAcknowledgeFailed
</UL>
<BR>[Calls]<UL><LI><a href="#[219]">&gt;&gt;</a>&nbsp;&nbsp;&nbsp;I2C_IsAcknowledgeFailed
<LI><a href="#[1c3]">&gt;&gt;</a>&nbsp;&nbsp;&nbsp;HAL_GetTick
</UL>
<BR>[Called By]<UL><LI><a href="#[1e1]">&gt;&gt;</a>&nbsp;&nbsp;&nbsp;HAL_I2C_Mem_Write
<LI><a href="#[1e2]">&gt;&gt;</a>&nbsp;&nbsp;&nbsp;I2C_RequestMemoryWrite
<LI><a href="#[1de]">&gt;&gt;</a>&nbsp;&nbsp;&nbsp;I2C_RequestMemoryRead
</UL>

<P><STRONG><a name="[1ed]"></a>NVIC_SetPriority</STRONG> (Thumb, 34 bytes, Stack size 0 bytes, stm32f7xx_hal_cortex.o(i.NVIC_SetPriority))
<BR><BR>[Called By]<UL><LI><a href="#[1b1]">&gt;&gt;</a>&nbsp;&nbsp;&nbsp;HAL_NVIC_SetPriority
<LI><a href="#[1e8]">&gt;&gt;</a>&nbsp;&nbsp;&nbsp;HAL_SYSTICK_Config
</UL>

<P><STRONG><a name="[1d4]"></a>DMA_CalcBaseAndBitshift</STRONG> (Thumb, 34 bytes, Stack size 0 bytes, stm32f7xx_hal_dma.o(i.DMA_CalcBaseAndBitshift))
<BR><BR>[Called By]<UL><LI><a href="#[1ba]">&gt;&gt;</a>&nbsp;&nbsp;&nbsp;HAL_DMA_Init
<LI><a href="#[1b9]">&gt;&gt;</a>&nbsp;&nbsp;&nbsp;HAL_DMA_DeInit
</UL>

<P><STRONG><a name="[1d5]"></a>DMA_CheckFifoParam</STRONG> (Thumb, 84 bytes, Stack size 8 bytes, stm32f7xx_hal_dma.o(i.DMA_CheckFifoParam))
<BR><BR>[Stack]<UL><LI>Max Depth = 8<LI>Call Chain = DMA_CheckFifoParam
</UL>
<BR>[Called By]<UL><LI><a href="#[1ba]">&gt;&gt;</a>&nbsp;&nbsp;&nbsp;HAL_DMA_Init
</UL>

<P><STRONG><a name="[1d6]"></a>DMA_SetConfig</STRONG> (Thumb, 40 bytes, Stack size 12 bytes, stm32f7xx_hal_dma.o(i.DMA_SetConfig))
<BR><BR>[Stack]<UL><LI>Max Depth = 12<LI>Call Chain = DMA_SetConfig
</UL>
<BR>[Called By]<UL><LI><a href="#[1c8]">&gt;&gt;</a>&nbsp;&nbsp;&nbsp;HAL_DMA_Start_IT
</UL>

<P><STRONG><a name="[206]"></a>TIM_ITRx_SetConfig</STRONG> (Thumb, 16 bytes, Stack size 0 bytes, stm32f7xx_hal_tim.o(i.TIM_ITRx_SetConfig))
<BR><BR>[Called By]<UL><LI><a href="#[202]">&gt;&gt;</a>&nbsp;&nbsp;&nbsp;HAL_TIM_ConfigClockSource
</UL>

<P><STRONG><a name="[204]"></a>TIM_TI1_ConfigInputStage</STRONG> (Thumb, 34 bytes, Stack size 8 bytes, stm32f7xx_hal_tim.o(i.TIM_TI1_ConfigInputStage))
<BR><BR>[Stack]<UL><LI>Max Depth = 8<LI>Call Chain = TIM_TI1_ConfigInputStage
</UL>
<BR>[Called By]<UL><LI><a href="#[202]">&gt;&gt;</a>&nbsp;&nbsp;&nbsp;HAL_TIM_ConfigClockSource
</UL>

<P><STRONG><a name="[205]"></a>TIM_TI2_ConfigInputStage</STRONG> (Thumb, 36 bytes, Stack size 8 bytes, stm32f7xx_hal_tim.o(i.TIM_TI2_ConfigInputStage))
<BR><BR>[Stack]<UL><LI>Max Depth = 8<LI>Call Chain = TIM_TI2_ConfigInputStage
</UL>
<BR>[Called By]<UL><LI><a href="#[202]">&gt;&gt;</a>&nbsp;&nbsp;&nbsp;HAL_TIM_ConfigClockSource
</UL>

<P><STRONG><a name="[20c]"></a>TIM_OC5_SetConfig</STRONG> (Thumb, 74 bytes, Stack size 20 bytes, stm32f7xx_hal_tim_ex.o(i.TIM_OC5_SetConfig))
<BR><BR>[Stack]<UL><LI>Max Depth = 20<LI>Call Chain = TIM_OC5_SetConfig
</UL>
<BR>[Called By]<UL><LI><a href="#[207]">&gt;&gt;</a>&nbsp;&nbsp;&nbsp;HAL_TIM_OC_ConfigChannel
</UL>

<P><STRONG><a name="[20d]"></a>TIM_OC6_SetConfig</STRONG> (Thumb, 74 bytes, Stack size 20 bytes, stm32f7xx_hal_tim_ex.o(i.TIM_OC6_SetConfig))
<BR><BR>[Stack]<UL><LI>Max Depth = 20<LI>Call Chain = TIM_OC6_SetConfig
</UL>
<BR>[Called By]<UL><LI><a href="#[207]">&gt;&gt;</a>&nbsp;&nbsp;&nbsp;HAL_TIM_OC_ConfigChannel
</UL>

<P><STRONG><a name="[85]"></a>ADC_DMAConvCplt</STRONG> (Thumb, 98 bytes, Stack size 8 bytes, stm32f7xx_hal_adc.o(i.ADC_DMAConvCplt))
<BR><BR>[Stack]<UL><LI>Max Depth = 8<LI>Call Chain = ADC_DMAConvCplt
</UL>
<BR>[Calls]<UL><LI><a href="#[197]">&gt;&gt;</a>&nbsp;&nbsp;&nbsp;HAL_ADC_ConvCpltCallback
</UL>
<BR>[Address Reference Count : 1]<UL><LI> stm32f7xx_hal_adc.o(i.HAL_ADC_Start_DMA)
</UL>
<P><STRONG><a name="[87]"></a>ADC_DMAError</STRONG> (Thumb, 22 bytes, Stack size 8 bytes, stm32f7xx_hal_adc.o(i.ADC_DMAError))
<BR><BR>[Stack]<UL><LI>Max Depth = 8<LI>Call Chain = ADC_DMAError
</UL>
<BR>[Calls]<UL><LI><a href="#[198]">&gt;&gt;</a>&nbsp;&nbsp;&nbsp;HAL_ADC_ErrorCallback
</UL>
<BR>[Address Reference Count : 1]<UL><LI> stm32f7xx_hal_adc.o(i.HAL_ADC_Start_DMA)
</UL>
<P><STRONG><a name="[86]"></a>ADC_DMAHalfConvCplt</STRONG> (Thumb, 10 bytes, Stack size 8 bytes, stm32f7xx_hal_adc.o(i.ADC_DMAHalfConvCplt))
<BR><BR>[Stack]<UL><LI>Max Depth = 8<LI>Call Chain = ADC_DMAHalfConvCplt
</UL>
<BR>[Calls]<UL><LI><a href="#[199]">&gt;&gt;</a>&nbsp;&nbsp;&nbsp;HAL_ADC_ConvHalfCpltCallback
</UL>
<BR>[Address Reference Count : 1]<UL><LI> stm32f7xx_hal_adc.o(i.HAL_ADC_Start_DMA)
</UL>
<P><STRONG><a name="[1c6]"></a>ADC_Init</STRONG> (Thumb, 302 bytes, Stack size 8 bytes, stm32f7xx_hal_adc.o(i.ADC_Init))
<BR><BR>[Stack]<UL><LI>Max Depth = 8<LI>Call Chain = ADC_Init
</UL>
<BR>[Called By]<UL><LI><a href="#[1c4]">&gt;&gt;</a>&nbsp;&nbsp;&nbsp;HAL_ADC_Init
</UL>

<P><STRONG><a name="[1cd]"></a>DMA2D_SetConfig</STRONG> (Thumb, 156 bytes, Stack size 20 bytes, stm32f7xx_hal_dma2d.o(i.DMA2D_SetConfig))
<BR><BR>[Stack]<UL><LI>Max Depth = 20<LI>Call Chain = DMA2D_SetConfig
</UL>
<BR>[Called By]<UL><LI><a href="#[1d3]">&gt;&gt;</a>&nbsp;&nbsp;&nbsp;HAL_DMA2D_Start_IT
<LI><a href="#[1cc]">&gt;&gt;</a>&nbsp;&nbsp;&nbsp;HAL_DMA2D_BlendingStart_IT
</UL>

<P><STRONG><a name="[1eb]"></a>LTDC_SetConfig</STRONG> (Thumb, 464 bytes, Stack size 48 bytes, stm32f7xx_hal_ltdc.o(i.LTDC_SetConfig))
<BR><BR>[Stack]<UL><LI>Max Depth = 48<LI>Call Chain = LTDC_SetConfig
</UL>
<BR>[Called By]<UL><LI><a href="#[1e9]">&gt;&gt;</a>&nbsp;&nbsp;&nbsp;HAL_LTDC_ConfigLayer
</UL>

<P><STRONG><a name="[1f2]"></a>QSPI_Config</STRONG> (Thumb, 424 bytes, Stack size 28 bytes, stm32f7xx_hal_qspi.o(i.QSPI_Config))
<BR><BR>[Stack]<UL><LI>Max Depth = 28<LI>Call Chain = QSPI_Config
</UL>
<BR>[Called By]<UL><LI><a href="#[1aa]">&gt;&gt;</a>&nbsp;&nbsp;&nbsp;HAL_QSPI_MemoryMapped
<LI><a href="#[1f3]">&gt;&gt;</a>&nbsp;&nbsp;&nbsp;HAL_QSPI_Command
<LI><a href="#[1f1]">&gt;&gt;</a>&nbsp;&nbsp;&nbsp;HAL_QSPI_AutoPolling
</UL>

<P><STRONG><a name="[1f0]"></a>QSPI_WaitFlagStateUntilTimeout</STRONG> (Thumb, 72 bytes, Stack size 24 bytes, stm32f7xx_hal_qspi.o(i.QSPI_WaitFlagStateUntilTimeout))
<BR><BR>[Stack]<UL><LI>Max Depth = 24<LI>Call Chain = QSPI_WaitFlagStateUntilTimeout
</UL>
<BR>[Calls]<UL><LI><a href="#[1c3]">&gt;&gt;</a>&nbsp;&nbsp;&nbsp;HAL_GetTick
</UL>
<BR>[Called By]<UL><LI><a href="#[1f7]">&gt;&gt;</a>&nbsp;&nbsp;&nbsp;HAL_QSPI_Transmit
<LI><a href="#[1f6]">&gt;&gt;</a>&nbsp;&nbsp;&nbsp;HAL_QSPI_Receive
<LI><a href="#[1aa]">&gt;&gt;</a>&nbsp;&nbsp;&nbsp;HAL_QSPI_MemoryMapped
<LI><a href="#[1ae]">&gt;&gt;</a>&nbsp;&nbsp;&nbsp;HAL_QSPI_Init
<LI><a href="#[1f3]">&gt;&gt;</a>&nbsp;&nbsp;&nbsp;HAL_QSPI_Command
<LI><a href="#[1f1]">&gt;&gt;</a>&nbsp;&nbsp;&nbsp;HAL_QSPI_AutoPolling
<LI><a href="#[1ef]">&gt;&gt;</a>&nbsp;&nbsp;&nbsp;HAL_QSPI_Abort
</UL>

<P><STRONG><a name="[2d6]"></a>touchgfx::enableFl(touchgfx::Rect&)</STRONG> (Thumb, 1028 bytes, Stack size 64 bytes, application.o(i._ZN8touchgfx8enableFlERNS_4RectE))
<BR><BR>[Stack]<UL><LI>Max Depth = 120<LI>Call Chain = touchgfx::enableFl(touchgfx::Rect&) &rArr; touchgfx::Rect::operator &(const touchgfx::Rect&) const &rArr; touchgfx::Rect::operator &=(const touchgfx::Rect&) &rArr; touchgfx::Rect::intersect(const touchgfx::Rect&) const
</UL>
<BR>[Calls]<UL><LI><a href="#[370]">&gt;&gt;</a>&nbsp;&nbsp;&nbsp;touchgfx::wmAt(int, int)
<LI><a href="#[2f8]">&gt;&gt;</a>&nbsp;&nbsp;&nbsp;touchgfx::DisplayTransformation::transformDisplayToFrameBuffer(touchgfx::Rect&, const touchgfx::Rect&)
<LI><a href="#[2f7]">&gt;&gt;</a>&nbsp;&nbsp;&nbsp;touchgfx::DisplayTransformation::transformDisplayToFrameBuffer(touchgfx::Rect&)
<LI><a href="#[2cc]">&gt;&gt;</a>&nbsp;&nbsp;&nbsp;touchgfx::Rect::isEmpty() const
<LI><a href="#[2d5]">&gt;&gt;</a>&nbsp;&nbsp;&nbsp;touchgfx::Rect::operator &(const touchgfx::Rect&) const
</UL>
<BR>[Called By]<UL><LI><a href="#[f5]">&gt;&gt;</a>&nbsp;&nbsp;&nbsp;touchgfx::Application::draw(touchgfx::Rect&)
</UL>

<P><STRONG><a name="[2d2]"></a>touchgfx::nextRand()</STRONG> (Thumb, 18 bytes, Stack size 0 bytes, application.o(i._ZN8touchgfx8nextRandEv))
<BR><BR>[Called By]<UL><LI><a href="#[f6]">&gt;&gt;</a>&nbsp;&nbsp;&nbsp;touchgfx::Application::cacheDrawOperations(bool)
</UL>

<P><STRONG><a name="[187]"></a>__sti___15_Application_cpp_63cd8d44</STRONG> (Thumb, 20 bytes, Stack size 8 bytes, application.o(i.__sti___15_Application_cpp_63cd8d44))
<BR><BR>[Stack]<UL><LI>Max Depth = 16<LI>Call Chain = __sti___15_Application_cpp_63cd8d44 &rArr; touchgfx::Rect::Rect(short, short, short, short)
</UL>
<BR>[Calls]<UL><LI><a href="#[29c]">&gt;&gt;</a>&nbsp;&nbsp;&nbsp;touchgfx::Rect::Rect(short, short, short, short)
</UL>
<BR>[Address Reference Count : 1]<UL><LI> application.o(.init_array)
</UL>
<P><STRONG><a name="[37d]"></a>_printf_core</STRONG> (Thumb, 34 bytes, Stack size 24 bytes, printfb.o(i._printf_core), UNUSED)
<BR><BR>[Called By]<UL><LI><a href="#[37c]">&gt;&gt;</a>&nbsp;&nbsp;&nbsp;__0printf$bare
</UL>
<P>
<H3>
Undefined Global Symbols
</H3><HR></body></html>
